\BOOKMARK [0][-]{section*.2}{\376\377\006\063\006\176\006\047\006\063\006\257\006\062\006\047\006\061\006\314}{}% 1
\BOOKMARK [0][-]{section*.4}{\376\377\006\206\006\251\006\314\006\057\006\107}{}% 2
\BOOKMARK [0][-]{section*.6}{\376\377\006\101\006\107\006\061\006\063\006\052\000\040\006\047\006\056\006\052\006\065\006\047\006\061\006\047\006\052}{}% 3
\BOOKMARK [0][-]{section*.9}{\376\377\006\101\006\107\006\061\006\063\006\052\000\040\006\052\006\065\006\047\006\110\006\314\006\061}{}% 4
\BOOKMARK [0][-]{section*.11}{\376\377\006\101\006\107\006\061\006\063\006\052\000\040\006\054\006\057\006\047\006\110\006\104}{}% 5
\BOOKMARK [0][-]{chapter.1}{\376\377\006\105\006\102\006\057\006\105\006\107\000\040\006\110\000\040\006\251\006\104\006\314\006\047\006\052\000\040\006\176\006\230\006\110\006\107\006\064}{}% 6
\BOOKMARK [1][-]{section.1.1}{\376\377\006\067\006\061\006\055\000\040\006\105\006\110\006\066\006\110\006\071\000\040\006\176\006\230\006\110\006\107\006\064}{chapter.1}% 7
\BOOKMARK [1][-]{section.1.2}{\376\377\006\050\006\314\006\047\006\106\000\040\006\105\006\063\006\046\006\104\006\107}{chapter.1}% 8
\BOOKMARK [1][-]{section.1.3}{\376\377\006\047\006\107\006\057\006\047\006\101\000\040\006\176\006\230\006\110\006\107\006\064}{chapter.1}% 9
\BOOKMARK [1][-]{section.1.4}{\376\377\006\176\006\061\006\063\006\064\040\014\006\107\006\047\006\314\000\040\006\176\006\230\006\110\006\107\006\064}{chapter.1}% 10
\BOOKMARK [1][-]{section.1.5}{\376\377\006\061\006\110\006\064\040\014\006\064\006\106\006\047\006\063\006\314\000\040\006\176\006\230\006\110\006\107\006\064}{chapter.1}% 11
\BOOKMARK [1][-]{section.1.6}{\376\377\006\063\006\047\006\056\006\052\006\047\006\061\000\040\006\176\006\047\006\314\006\047\006\106\040\014\006\106\006\047\006\105\006\107}{chapter.1}% 12
\BOOKMARK [0][-]{chapter.2}{\376\377\006\105\006\050\006\047\006\106\006\314\000\040\006\106\006\070\006\061\006\314\000\040\006\110\000\040\006\176\006\314\006\064\006\314\006\106\006\107\000\040\006\176\006\230\006\110\006\107\006\064}{}% 13
\BOOKMARK [1][-]{section.2.1}{\376\377\006\105\006\071\006\047\006\057\006\104\006\047\006\052\000\040\006\057\006\314\006\101\006\061\006\047\006\106\006\063\006\314\006\104\000\040\006\054\006\062\006\046\006\314}{chapter.2}% 14
\BOOKMARK [1][-]{section.2.2}{\376\377\006\061\006\110\006\064\040\014\006\107\006\047\006\314\000\040\006\071\006\057\006\057\006\314\000\040\006\251\006\104\006\047\006\063\006\314\006\251}{chapter.2}% 15
\BOOKMARK [1][-]{section.2.3}{\376\377\006\064\006\050\006\251\006\107\040\014\006\107\006\047\006\314\000\040\006\071\006\065\006\050\006\314\000\040\006\105\006\065\006\106\006\110\006\071\006\314}{chapter.2}% 16
\BOOKMARK [1][-]{section.2.4}{\376\377\006\042\006\105\006\110\006\062\006\064\000\040\006\064\006\050\006\251\006\107\040\014\006\107\006\047\006\314\000\040\006\071\006\065\006\050\006\314\000\040\006\071\006\105\006\314\006\102}{chapter.2}% 17
\BOOKMARK [1][-]{section.2.5}{\376\377\006\176\006\314\006\064\006\314\006\106\006\107\000\040\006\176\006\230\006\110\006\107\006\064}{chapter.2}% 18
\BOOKMARK [1][-]{section.2.6}{\376\377\006\054\006\105\006\071\040\014\006\050\006\106\006\057\006\314\000\040\006\101\006\065\006\104}{chapter.2}% 19
\BOOKMARK [0][-]{chapter.3}{\376\377\006\064\006\050\006\251\006\107\040\014\006\107\006\047\006\314\000\040\006\071\006\065\006\050\006\314\000\040\006\042\006\257\006\047\006\107\000\040\006\047\006\062\000\040\006\101\006\314\006\062\006\314\006\251}{}% 20
\BOOKMARK [1][-]{section.3.1}{\376\377\006\065\006\110\006\061\006\052\040\014\006\050\006\106\006\057\006\314\000\040\006\251\006\104\006\314\000\040\006\105\006\063\006\046\006\104\006\107\000\040\006\110\000\040\006\047\006\314\006\057\006\107\000\040\006\105\006\055\006\110\006\061\006\314}{chapter.3}% 21
\BOOKMARK [1][-]{section.3.2}{\376\377\006\105\006\050\006\047\006\106\006\314\000\040\006\110\000\040\006\063\006\047\006\062\006\110\006\251\006\047\006\061\000\040\006\105\006\064\006\052\006\102\040\014\006\257\006\314\006\061\006\314\000\040\006\056\006\110\006\057\006\251\006\047\006\061}{chapter.3}% 22
\BOOKMARK [2][-]{subsection.3.2.1}{\376\377\006\105\006\050\006\047\006\106\006\314\000\040\006\061\006\314\006\047\006\066\006\314\000\040\006\110\000\040\006\055\006\063\006\047\006\050\000\040\006\047\006\071\006\057\006\047\006\057\000\040\006\057\006\110\006\257\006\047\006\106\006\107}{section.3.2}% 23
\BOOKMARK [2][-]{subsection.3.2.2}{\376\377\006\055\006\047\006\104\006\052\040\014\006\107\006\047\006\314\000\040\006\105\006\064\006\052\006\102\040\014\006\257\006\314\006\061\006\314\000\040\006\056\006\110\006\057\006\251\006\047\006\061\000:\000\040\006\105\006\063\006\052\006\102\006\314\006\105\000\040\006\110\000\040\006\105\006\071\006\251\006\110\006\063}{section.3.2}% 24
\BOOKMARK [1][-]{section.3.3}{\376\377\006\050\006\107\040\014\006\251\006\047\006\061\006\257\006\314\006\061\006\314\000\040\006\105\006\064\006\052\006\102\040\014\006\257\006\314\006\061\006\314\000\040\006\056\006\110\006\057\006\251\006\047\006\061\000\040\006\057\006\061\000\040\006\055\006\104\000\040\006\105\006\071\006\047\006\057\006\104\006\107\000\040\006\050\006\061\006\257\006\061\006\062}{chapter.3}% 25
\BOOKMARK [2][-]{subsection.3.3.1}{\376\377\006\257\006\047\006\105\000\040\006\047\006\110\006\104\000:\000\040\006\106\006\105\006\047\006\314\006\064\000\040\006\176\006\047\006\061\006\047\006\105\006\052\006\061\006\314\000\040\006\105\006\314\006\057\006\047\006\106\000\040\006\055\006\047\006\104\006\052\000\040\006\050\006\047\000\040\006\064\006\050\006\251\006\107\000\040\006\071\006\065\006\050\006\314}{section.3.3}% 26
\BOOKMARK [2][-]{subsection.3.3.2}{\376\377\006\257\006\047\006\105\000\040\006\057\006\110\006\105\000:\000\040\006\047\006\063\006\052\006\056\006\061\006\047\006\054\000\040\006\105\006\064\006\052\006\102\006\047\006\052\000\040\006\054\006\062\006\046\006\314\000\040\006\062\006\105\006\047\006\106\006\314\000\040\006\110\000\040\006\105\006\251\006\047\006\106\006\314\000\040\006\050\006\047\000\040\006\102\006\047\006\071\006\057\006\107\000\040\006\062\006\106\006\054\006\314\006\061\006\107\040\014\006\047\006\314}{section.3.3}% 27
\BOOKMARK [2][-]{subsection.3.3.3}{\376\377\006\257\006\047\006\105\000\040\006\063\006\110\006\105\000:\000\040\006\052\006\064\006\251\006\314\006\104\000\040\006\071\006\105\006\104\006\257\006\061\000\040\006\050\006\047\006\102\006\314\006\105\006\047\006\106\006\057\006\107\000\040\006\101\006\314\006\062\006\314\006\251\006\314\000\040\006\050\006\061\006\257\006\061\006\062}{section.3.3}% 28
\BOOKMARK [2][-]{subsection.3.3.4}{\376\377\006\257\006\047\006\105\000\040\006\206\006\107\006\047\006\061\006\105\000:\000\040\006\063\006\047\006\056\006\052\006\047\006\061\000\040\006\057\006\110\000\040\006\063\006\067\006\055\006\314\000\040\006\105\006\064\006\052\006\102\040\014\006\257\006\314\006\061\006\314\000\040\006\056\006\110\006\057\006\251\006\047\006\061\000\040\006\057\006\061\000\040\006\101\006\061\006\047\006\314\006\106\006\057\000\040\006\042\006\105\006\110\006\062\006\064}{section.3.3}% 29
\BOOKMARK [2][-]{subsection.3.3.5}{\376\377\006\257\006\047\006\105\000\040\006\176\006\106\006\054\006\105\000:\000\040\006\063\006\047\006\062\006\110\006\251\006\047\006\061\000\040\006\176\006\314\006\047\006\057\006\107\040\014\006\063\006\047\006\062\006\314\000\040\006\052\006\047\006\050\006\071\006\314\000\040\006\057\006\061\000\040\006\251\006\052\006\047\006\050\006\056\006\047\006\106\006\107\000\040\006\105\006\055\006\047\006\063\006\050\006\047\006\052\006\314\000\040\006\054\006\251\006\063}{section.3.3}% 30
\BOOKMARK [1][-]{section.3.4}{\376\377\006\105\006\057\006\104\040\014\006\107\006\047\006\314\000\040\006\062\006\105\006\047\006\106\040\014\006\176\006\314\006\110\006\063\006\052\006\107\000\040\006\050\006\061\006\047\006\314\000\040\006\105\006\063\006\046\006\104\006\107\000\040\006\105\006\063\006\052\006\102\006\314\006\105\000\040\006\050\006\061\006\257\006\061\006\062}{chapter.3}% 31
\BOOKMARK [1][-]{section.3.5}{\376\377\006\105\006\057\006\104\040\014\006\107\006\047\006\314\000\040\006\062\006\105\006\047\006\106\040\014\006\257\006\063\006\063\006\052\006\107}{chapter.3}% 32
\BOOKMARK [1][-]{section.3.6}{\376\377\006\105\006\104\006\047\006\055\006\070\006\047\006\052\000\040\006\071\006\105\006\104\006\314\000\040\006\057\006\061\000\040\006\176\006\314\006\047\006\057\006\107\040\014\006\063\006\047\006\062\006\314\000\040\006\110\000\040\006\042\006\105\006\110\006\062\006\064}{chapter.3}% 33
\BOOKMARK [1][-]{section.3.7}{\376\377\006\054\006\105\006\071\040\014\006\050\006\106\006\057\006\314\000\040\006\101\006\065\006\104}{chapter.3}% 34
\BOOKMARK [0][-]{chapter.4}{\376\377\006\176\006\314\006\047\006\057\006\107\040\014\006\063\006\047\006\062\006\314\000\040\006\110\000\040\006\047\006\061\006\062\006\314\006\047\006\050\006\314\000\040\006\106\006\052\006\047\006\314\006\054}{}% 35
\BOOKMARK [1][-]{section.4.1}{\376\377\006\050\006\063\006\052\006\061\000\040\006\105\006\055\006\047\006\063\006\050\006\047\006\052\006\314\000\040\006\110\000\040\006\047\006\050\006\062\006\047\006\061\006\107\006\047\006\314\000\040\006\176\006\314\006\047\006\057\006\107\040\014\006\063\006\047\006\062\006\314}{chapter.4}% 36
\BOOKMARK [1][-]{section.4.2}{\376\377\006\063\006\047\006\056\006\052\006\047\006\061\000\040\006\047\006\104\006\257\006\110\006\061\006\314\006\052\006\105\006\314\000\040\006\110\000\040\006\061\006\110\006\106\006\057\000\040\006\042\006\105\006\110\006\062\006\064\000\040\006\105\006\057\006\104\000\040\006\050\006\047\000\040\006\251\006\052\006\047\006\050\006\056\006\047\006\106\006\107\000\040\006\054\006\251\006\063}{chapter.4}% 37
\BOOKMARK [2][-]{subsection.4.2.1}{\376\377\006\105\006\102\006\057\006\047\006\061\006\057\006\107\006\314\000\040\006\047\006\110\006\104\006\314\006\107\000\040\006\176\006\047\006\061\006\047\006\105\006\052\006\061\006\107\006\047\000\040\006\050\006\047\000\040\006\061\006\110\006\064\000\040\006\257\006\062\006\047\006\110\006\314\006\107}{section.4.2}% 38
\BOOKMARK [2][-]{subsection.4.2.2}{\376\377\006\056\006\067\000\040\006\104\006\110\006\104\006\107\000\040\006\052\006\050\006\057\006\314\006\104\006\047\006\052\000\040\006\052\006\047\006\050\006\071\006\314\000\040\006\057\006\061\000\040\000J\000A\000X}{section.4.2}% 39
\BOOKMARK [2][-]{subsection.4.2.3}{\376\377\006\047\006\063\006\052\006\061\006\047\006\052\006\230\006\314\000\040\006\050\006\107\006\314\006\106\006\107\040\014\006\063\006\047\006\062\006\314\000\040\006\052\006\061\006\251\006\314\006\050\006\314\000\040\006\057\006\110\000\040\006\105\006\061\006\055\006\104\006\107\040\014\006\047\006\314}{section.4.2}% 40
\BOOKMARK [1][-]{section.4.3}{\376\377\006\055\006\104\000\040\006\105\006\063\006\052\006\102\006\314\006\105\000\040\006\105\006\071\006\047\006\057\006\104\006\107\000\040\006\050\006\061\006\257\006\061\006\062}{chapter.4}% 41
\BOOKMARK [1][-]{section.4.4}{\376\377\006\047\006\061\006\062\006\314\006\047\006\050\006\314\000\040\006\105\006\102\006\047\006\314\006\063\006\107\040\014\006\047\006\314\000\040\006\050\006\047\000\040\006\105\006\102\006\047\006\104\006\107\000\040\006\105\006\061\006\054\006\071}{chapter.4}% 42
\BOOKMARK [1][-]{section.4.5}{\376\377\006\050\006\055\006\053\000\040\006\110\000\040\006\052\006\055\006\104\006\314\006\104\000\040\006\106\006\052\006\047\006\314\006\054}{chapter.4}% 43
\BOOKMARK [1][-]{section.4.6}{\376\377\006\054\006\105\006\071\040\014\006\050\006\106\006\057\006\314\000\040\006\101\006\065\006\104}{chapter.4}% 44
\BOOKMARK [0][-]{chapter.5}{\376\377\006\106\006\052\006\314\006\054\006\107\040\014\006\257\006\314\006\061\006\314\000\040\006\110\000\040\006\176\006\314\006\064\006\106\006\107\006\047\006\057\006\107\006\047}{}% 45
\BOOKMARK [1][-]{section.5.1}{\376\377\006\056\006\104\006\047\006\065\006\107\000\040\006\176\006\230\006\110\006\107\006\064}{chapter.5}% 46
\BOOKMARK [1][-]{section.5.2}{\376\377\006\314\006\047\006\101\006\052\006\107\040\014\006\107\006\047\000\040\006\110\000\040\006\057\006\063\006\052\006\047\006\110\006\061\006\057\006\107\006\047\006\314\000\040\006\251\006\104\006\314\006\057\006\314}{chapter.5}% 47
\BOOKMARK [1][-]{section.5.3}{\376\377\006\176\006\314\006\064\006\106\006\107\006\047\006\057\006\107\006\047\000\040\006\050\006\061\006\047\006\314\000\040\006\176\006\230\006\110\006\107\006\064\040\014\006\107\006\047\006\314\000\040\006\042\006\314\006\106\006\057\006\107}{chapter.5}% 48
\BOOKMARK [0][-]{section*.24}{\376\377\006\101\006\107\006\061\006\063\006\052\000\040\006\105\006\106\006\047\006\050\006\071}{}% 49
\BOOKMARK [0][-]{section*.26}{\376\377\006\110\006\047\006\230\006\107\040\014\006\106\006\047\006\105\006\107}{}% 50
\BOOKMARK [0][-]{section*.30}{\376\377\006\176\006\314\006\110\006\063\006\052\000\040\006\047\006\104\006\101\000:\000\040\006\251\006\057\000\040\006\176\006\314\006\047\006\057\006\107\040\014\006\063\006\047\006\062\006\314\000\040\006\105\006\055\006\047\006\063\006\050\006\047\006\052\006\314}{}% 51
\BOOKMARK [0][-]{section*.32}{\376\377\006\101\006\061\006\105\000\040\006\047\006\061\006\062\006\314\006\047\006\050\006\314\000\040\006\176\006\047\006\314\006\047\006\106\040\014\006\106\006\047\006\105\006\107}{}% 52
\BOOKMARK [0][-]{section*.33}{\376\377\000A\000b\000s\000t\000r\000a\000c\000t}{}% 53
