This is XeTeX, Version 3.141592653-2.6-0.999998 (TeX Live 2026) (preloaded format=xelatex 2026.8.6)  11 SEP 2026 14:44
entering extended mode
 restricted \write18 enabled.
 %&-line parsing enabled.
**thesis.tex
(./thesis.tex
LaTeX2e <2025-11-01>
L3 programming layer <2026-01-19>
(d:/texlive/2026/texmf-dist/tex/latex/base/book.cls
Document Class: book 2025/01/22 v1.4n Standard LaTeX document class
(d:/texlive/2026/texmf-dist/tex/latex/base/bk12.clo
File: bk12.clo 2025/01/22 v1.4n Standard LaTeX file (size option)
)
\c@part=\count271
\c@chapter=\count272
\c@section=\count273
\c@subsection=\count274
\c@subsubsection=\count275
\c@paragraph=\count276
\c@subparagraph=\count277
\c@figure=\count278
\c@table=\count279
\abovecaptionskip=\skip49
\belowcaptionskip=\skip50
\bibindent=\dimen148
)
(d:/texlive/2026/texmf-dist/tex/latex/geometry/geometry.sty
Package: geometry 2020/01/02 v5.9 Page Geometry

(d:/texlive/2026/texmf-dist/tex/latex/graphics/keyval.sty
Package: keyval 2022/05/29 v1.15 key=value parser (DPC)
\KV@toks@=\toks17
)
(d:/texlive/2026/texmf-dist/tex/generic/iftex/ifvtex.sty
Package: ifvtex 2019/10/25 v1.7 ifvtex legacy package. Use iftex instead.

(d:/texlive/2026/texmf-dist/tex/generic/iftex/iftex.sty
Package: iftex 2024/12/12 v1.0g TeX engine tests
))
\Gm@cnth=\count280
\Gm@cntv=\count281
\c@Gm@tempcnt=\count282
\Gm@bindingoffset=\dimen149
\Gm@wd@mp=\dimen150
\Gm@odd@mp=\dimen151
\Gm@even@mp=\dimen152
\Gm@layoutwidth=\dimen153
\Gm@layoutheight=\dimen154
\Gm@layouthoffset=\dimen155
\Gm@layoutvoffset=\dimen156
\Gm@dimlist=\toks18
)
(d:/texlive/2026/texmf-dist/tex/latex/amsmath/amsmath.sty
Package: amsmath 2025/07/09 v2.17z AMS math features
\@mathmargin=\skip51

For additional information on amsmath, use the `?' option.
(d:/texlive/2026/texmf-dist/tex/latex/amsmath/amstext.sty
Package: amstext 2024/11/17 v2.01 AMS text

(d:/texlive/2026/texmf-dist/tex/latex/amsmath/amsgen.sty
File: amsgen.sty 1999/11/30 v2.0 generic functions
\@emptytoks=\toks19
\ex@=\dimen157
))
(d:/texlive/2026/texmf-dist/tex/latex/amsmath/amsbsy.sty
Package: amsbsy 1999/11/29 v1.2d Bold Symbols
\pmbraise@=\dimen158
)
(d:/texlive/2026/texmf-dist/tex/latex/amsmath/amsopn.sty
Package: amsopn 2022/04/08 v2.04 operator names
)
\inf@bad=\count283
LaTeX Info: Redefining \frac on input line 233.
\uproot@=\count284
\leftroot@=\count285
LaTeX Info: Redefining \overline on input line 398.
LaTeX Info: Redefining \colon on input line 409.
\classnum@=\count286
\DOTSCASE@=\count287
LaTeX Info: Redefining \ldots on input line 495.
LaTeX Info: Redefining \dots on input line 498.
LaTeX Info: Redefining \cdots on input line 619.
\Mathstrutbox@=\box53
\strutbox@=\box54
LaTeX Info: Redefining \big on input line 721.
LaTeX Info: Redefining \Big on input line 722.
LaTeX Info: Redefining \bigg on input line 723.
LaTeX Info: Redefining \Bigg on input line 724.
\big@size=\dimen159
LaTeX Font Info:    Redeclaring font encoding OML on input line 742.
LaTeX Font Info:    Redeclaring font encoding OMS on input line 743.
\macc@depth=\count288
LaTeX Info: Redefining \bmod on input line 904.
LaTeX Info: Redefining \pmod on input line 909.
LaTeX Info: Redefining \smash on input line 939.
LaTeX Info: Redefining \relbar on input line 969.
LaTeX Info: Redefining \Relbar on input line 970.
\c@MaxMatrixCols=\count289
\dotsspace@=\muskip17
\c@parentequation=\count290
\dspbrk@lvl=\count291
\tag@help=\toks20
\row@=\count292
\column@=\count293
\maxfields@=\count294
\andhelp@=\toks21
\eqnshift@=\dimen160
\alignsep@=\dimen161
\tagshift@=\dimen162
\tagwidth@=\dimen163
\totwidth@=\dimen164
\lineht@=\dimen165
\@envbody=\toks22
\multlinegap=\skip52
\multlinetaggap=\skip53
\mathdisplay@stack=\toks23
LaTeX Info: Redefining \[ on input line 2950.
LaTeX Info: Redefining \] on input line 2951.
)
(d:/texlive/2026/texmf-dist/tex/latex/amsfonts/amssymb.sty
Package: amssymb 2013/01/14 v3.01 AMS font symbols

(d:/texlive/2026/texmf-dist/tex/latex/amsfonts/amsfonts.sty
Package: amsfonts 2013/01/14 v3.01 Basic AMSFonts support
\symAMSa=\mathgroup4
\symAMSb=\mathgroup5
LaTeX Font Info:    Redeclaring math symbol \hbar on input line 98.
LaTeX Font Info:    Overwriting math alphabet `\mathfrak' in version `bold'
(Font)                  U/euf/m/n --> U/euf/b/n on input line 106.
))
(d:/texlive/2026/texmf-dist/tex/latex/amscls/amsthm.sty
Package: amsthm 2020/05/29 v2.20.6
\thm@style=\toks24
\thm@bodyfont=\toks25
\thm@headfont=\toks26
\thm@notefont=\toks27
\thm@headpunct=\toks28
\thm@preskip=\skip54
\thm@postskip=\skip55
\thm@headsep=\skip56
\dth@everypar=\toks29
)
(d:/texlive/2026/texmf-dist/tex/latex/graphics/graphicx.sty
Package: graphicx 2024/12/31 v1.2e Enhanced LaTeX Graphics (DPC,SPQR)

(d:/texlive/2026/texmf-dist/tex/latex/graphics/graphics.sty
Package: graphics 2024/08/06 v1.4g Standard LaTeX Graphics (DPC,SPQR)

(d:/texlive/2026/texmf-dist/tex/latex/graphics/trig.sty
Package: trig 2023/12/02 v1.11 sin cos tan (DPC)
)
(d:/texlive/2026/texmf-dist/tex/latex/graphics-cfg/graphics.cfg
File: graphics.cfg 2016/06/04 v1.11 sample graphics configuration
)
Package graphics Info: Driver file: xetex.def on input line 106.

(d:/texlive/2026/texmf-dist/tex/latex/graphics-def/xetex.def
File: xetex.def 2025/11/01 v5.0p Graphics/color driver for xetex
))
\Gin@req@height=\dimen166
\Gin@req@width=\dimen167
)
(d:/texlive/2026/texmf-dist/tex/latex/xcolor/xcolor.sty
Package: xcolor 2024/09/29 v3.02 LaTeX color extensions (UK)

(d:/texlive/2026/texmf-dist/tex/latex/graphics-cfg/color.cfg
File: color.cfg 2016/01/02 v1.6 sample color configuration
)
Package xcolor Info: Driver file: xetex.def on input line 274.

(d:/texlive/2026/texmf-dist/tex/latex/graphics/mathcolor.ltx)
Package xcolor Info: Model `cmy' substituted by `cmy0' on input line 1349.
Package xcolor Info: Model `RGB' extended on input line 1365.
Package xcolor Info: Model `HTML' substituted by `rgb' on input line 1367.
Package xcolor Info: Model `Hsb' substituted by `hsb' on input line 1368.
Package xcolor Info: Model `tHsb' substituted by `hsb' on input line 1369.
Package xcolor Info: Model `HSB' substituted by `hsb' on input line 1370.
Package xcolor Info: Model `Gray' substituted by `gray' on input line 1371.
Package xcolor Info: Model `wave' substituted by `hsb' on input line 1372.
)
(d:/texlive/2026/texmf-dist/tex/latex/booktabs/booktabs.sty
Package: booktabs 2020/01/12 v1.61803398 Publication quality tables
\heavyrulewidth=\dimen168
\lightrulewidth=\dimen169
\cmidrulewidth=\dimen170
\belowrulesep=\dimen171
\belowbottomsep=\dimen172
\aboverulesep=\dimen173
\abovetopsep=\dimen174
\cmidrulesep=\dimen175
\cmidrulekern=\dimen176
\defaultaddspace=\dimen177
\@cmidla=\count295
\@cmidlb=\count296
\@aboverulesep=\dimen178
\@belowrulesep=\dimen179
\@thisruleclass=\count297
\@lastruleclass=\count298
\@thisrulewidth=\dimen180
)
(d:/texlive/2026/texmf-dist/tex/latex/tools/array.sty
Package: array 2025/09/25 v2.6n Tabular extension package (FMi)
\col@sep=\dimen181
\ar@mcellbox=\box55
\extrarowheight=\dimen182
\NC@list=\toks30
\extratabsurround=\skip57
\backup@length=\skip58
\ar@cellbox=\box56
)
(d:/texlive/2026/texmf-dist/tex/latex/multirow/multirow.sty
Package: multirow 2024/11/12 v2.9 Span multiple rows of a table
\multirow@colwidth=\skip59
\multirow@cntb=\count299
\multirow@dima=\skip60
\bigstrutjot=\dimen183
)
(d:/texlive/2026/texmf-dist/tex/latex/caption/caption.sty
Package: caption 2023/08/05 v3.6o Customizing captions (AR)

(d:/texlive/2026/texmf-dist/tex/latex/caption/caption3.sty
Package: caption3 2023/07/31 v2.4d caption3 kernel (AR)
\caption@tempdima=\dimen184
\captionmargin=\dimen185
\caption@leftmargin=\dimen186
\caption@rightmargin=\dimen187
\caption@width=\dimen188
\caption@indent=\dimen189
\caption@parindent=\dimen190
\caption@hangindent=\dimen191
Package caption Info: Standard document class detected.
)
\c@caption@flags=\count300
\c@continuedfloat=\count301
)
(d:/texlive/2026/texmf-dist/tex/latex/listings/listings.sty
\lst@mode=\count302
\lst@gtempboxa=\box57
\lst@token=\toks31
\lst@length=\count303
\lst@currlwidth=\dimen192
\lst@column=\count304
\lst@pos=\count305
\lst@lostspace=\dimen193
\lst@width=\dimen194
\lst@newlines=\count306
\lst@lineno=\count307
\lst@maxwidth=\dimen195

(d:/texlive/2026/texmf-dist/tex/latex/listings/lstpatch.sty
File: lstpatch.sty 2025/11/14 1.11b (Carsten Heinz)
)
(d:/texlive/2026/texmf-dist/tex/latex/listings/lstmisc.sty
File: lstmisc.sty 2025/11/14 1.11b (Carsten Heinz)
\c@lstnumber=\count308
\lst@skipnumbers=\count309
\lst@framebox=\box58
)
(d:/texlive/2026/texmf-dist/tex/latex/listings/listings.cfg
File: listings.cfg 2025/11/14 1.11b listings configuration
))
Package: listings 2025/11/14 1.11b (Carsten Heinz)

==> First Aid for listings.sty no longer applied!
    Expected:
        2024/09/23 1.10c (Carsten Heinz)
    but found:
        2025/11/14 1.11b (Carsten Heinz)
    so I'm assuming it got fixed.
(d:/texlive/2026/texmf-dist/tex/latex/listings/lstlang1.sty
File: lstlang1.sty 2025/11/14 1.11b listings language file
)
(d:/texlive/2026/texmf-dist/tex/latex/enumitem/enumitem.sty
Package: enumitem 2025/02/06 v3.11 Customized lists
\labelindent=\skip61
\enit@outerparindent=\dimen196
\enit@toks=\toks32
\enit@inbox=\box59
\enit@count@id=\count310
\enitdp@description=\count311
)
(d:/texlive/2026/texmf-dist/tex/latex/setspace/setspace.sty
Package: setspace 2022/12/04 v6.7b set line spacing
)
(d:/texlive/2026/texmf-dist/tex/latex/pgf/frontendlayer/tikz.sty
(d:/texlive/2026/texmf-dist/tex/latex/pgf/basiclayer/pgf.sty
(d:/texlive/2026/texmf-dist/tex/latex/pgf/utilities/pgfrcs.sty
(d:/texlive/2026/texmf-dist/tex/generic/pgf/utilities/pgfutil-common.tex
\pgfutil@everybye=\toks33
\pgfutil@tempdima=\dimen197
\pgfutil@tempdimb=\dimen198
)
(d:/texlive/2026/texmf-dist/tex/generic/pgf/utilities/pgfutil-latex.def
\pgfutil@abb=\box60
)
(d:/texlive/2026/texmf-dist/tex/generic/pgf/utilities/pgfrcs.code.tex
(d:/texlive/2026/texmf-dist/tex/generic/pgf/pgf.revision.tex)
Package: pgfrcs 2025-08-29 v3.1.11a (3.1.11a)
))
Package: pgf 2025-08-29 v3.1.11a (3.1.11a)

(d:/texlive/2026/texmf-dist/tex/latex/pgf/basiclayer/pgfcore.sty
(d:/texlive/2026/texmf-dist/tex/latex/pgf/systemlayer/pgfsys.sty
(d:/texlive/2026/texmf-dist/tex/generic/pgf/systemlayer/pgfsys.code.tex
Package: pgfsys 2025-08-29 v3.1.11a (3.1.11a)

(d:/texlive/2026/texmf-dist/tex/generic/pgf/utilities/pgfkeys.code.tex
\pgfkeys@pathtoks=\toks34
\pgfkeys@temptoks=\toks35

(d:/texlive/2026/texmf-dist/tex/generic/pgf/utilities/pgfkeyslibraryfiltered.co
de.tex
\pgfkeys@tmptoks=\toks36
))
\pgf@x=\dimen199
\pgf@y=\dimen256
\pgf@xa=\dimen257
\pgf@ya=\dimen258
\pgf@xb=\dimen259
\pgf@yb=\dimen260
\pgf@xc=\dimen261
\pgf@yc=\dimen262
\pgf@xd=\dimen263
\pgf@yd=\dimen264
\w@pgf@writea=\write3
\r@pgf@reada=\read2
\c@pgf@counta=\count312
\c@pgf@countb=\count313
\c@pgf@countc=\count314
\c@pgf@countd=\count315
\t@pgf@toka=\toks37
\t@pgf@tokb=\toks38
\t@pgf@tokc=\toks39
\pgf@sys@id@count=\count316
 (d:/texlive/2026/texmf-dist/tex/generic/pgf/systemlayer/pgf.cfg
File: pgf.cfg 2025-08-29 v3.1.11a (3.1.11a)
)
Driver file for pgf: pgfsys-xetex.def

(d:/texlive/2026/texmf-dist/tex/generic/pgf/systemlayer/pgfsys-xetex.def
File: pgfsys-xetex.def 2025-08-29 v3.1.11a (3.1.11a)

(d:/texlive/2026/texmf-dist/tex/generic/pgf/systemlayer/pgfsys-dvipdfmx.def
File: pgfsys-dvipdfmx.def 2025-08-29 v3.1.11a (3.1.11a)

(d:/texlive/2026/texmf-dist/tex/generic/pgf/systemlayer/pgfsys-common-pdf.def
File: pgfsys-common-pdf.def 2025-08-29 v3.1.11a (3.1.11a)
)
\pgfsys@objnum=\count317
)))
(d:/texlive/2026/texmf-dist/tex/generic/pgf/systemlayer/pgfsyssoftpath.code.tex
File: pgfsyssoftpath.code.tex 2025-08-29 v3.1.11a (3.1.11a)
\pgfsyssoftpath@smallbuffer@items=\count318
\pgfsyssoftpath@bigbuffer@items=\count319
)
(d:/texlive/2026/texmf-dist/tex/generic/pgf/systemlayer/pgfsysprotocol.code.tex
File: pgfsysprotocol.code.tex 2025-08-29 v3.1.11a (3.1.11a)
)) (d:/texlive/2026/texmf-dist/tex/generic/pgf/basiclayer/pgfcore.code.tex
Package: pgfcore 2025-08-29 v3.1.11a (3.1.11a)

(d:/texlive/2026/texmf-dist/tex/generic/pgf/math/pgfmath.code.tex
(d:/texlive/2026/texmf-dist/tex/generic/pgf/math/pgfmathutil.code.tex)
(d:/texlive/2026/texmf-dist/tex/generic/pgf/math/pgfmathparser.code.tex
\pgfmath@dimen=\dimen265
\pgfmath@count=\count320
\pgfmath@box=\box61
\pgfmath@toks=\toks40
\pgfmath@stack@operand=\toks41
\pgfmath@stack@operation=\toks42
)
(d:/texlive/2026/texmf-dist/tex/generic/pgf/math/pgfmathfunctions.code.tex)
(d:/texlive/2026/texmf-dist/tex/generic/pgf/math/pgfmathfunctions.basic.code.te
x)
(d:/texlive/2026/texmf-dist/tex/generic/pgf/math/pgfmathfunctions.trigonometric
.code.tex)
(d:/texlive/2026/texmf-dist/tex/generic/pgf/math/pgfmathfunctions.random.code.t
ex)
(d:/texlive/2026/texmf-dist/tex/generic/pgf/math/pgfmathfunctions.comparison.co
de.tex)
(d:/texlive/2026/texmf-dist/tex/generic/pgf/math/pgfmathfunctions.base.code.tex
)
(d:/texlive/2026/texmf-dist/tex/generic/pgf/math/pgfmathfunctions.round.code.te
x)
(d:/texlive/2026/texmf-dist/tex/generic/pgf/math/pgfmathfunctions.misc.code.tex
)
(d:/texlive/2026/texmf-dist/tex/generic/pgf/math/pgfmathfunctions.integerarithm
etics.code.tex)
(d:/texlive/2026/texmf-dist/tex/generic/pgf/math/pgfmathcalc.code.tex)
(d:/texlive/2026/texmf-dist/tex/generic/pgf/math/pgfmathfloat.code.tex
\c@pgfmathroundto@lastzeros=\count321
))
(d:/texlive/2026/texmf-dist/tex/generic/pgf/math/pgfint.code.tex)
(d:/texlive/2026/texmf-dist/tex/generic/pgf/basiclayer/pgfcorepoints.code.tex
File: pgfcorepoints.code.tex 2025-08-29 v3.1.11a (3.1.11a)
\pgf@picminx=\dimen266
\pgf@picmaxx=\dimen267
\pgf@picminy=\dimen268
\pgf@picmaxy=\dimen269
\pgf@pathminx=\dimen270
\pgf@pathmaxx=\dimen271
\pgf@pathminy=\dimen272
\pgf@pathmaxy=\dimen273
\pgf@xx=\dimen274
\pgf@xy=\dimen275
\pgf@yx=\dimen276
\pgf@yy=\dimen277
\pgf@zx=\dimen278
\pgf@zy=\dimen279
)
(d:/texlive/2026/texmf-dist/tex/generic/pgf/basiclayer/pgfcorepathconstruct.cod
e.tex
File: pgfcorepathconstruct.code.tex 2025-08-29 v3.1.11a (3.1.11a)
\pgf@path@lastx=\dimen280
\pgf@path@lasty=\dimen281
)
(d:/texlive/2026/texmf-dist/tex/generic/pgf/basiclayer/pgfcorepathusage.code.te
x
File: pgfcorepathusage.code.tex 2025-08-29 v3.1.11a (3.1.11a)
\pgf@shorten@end@additional=\dimen282
\pgf@shorten@start@additional=\dimen283
)
(d:/texlive/2026/texmf-dist/tex/generic/pgf/basiclayer/pgfcorescopes.code.tex
File: pgfcorescopes.code.tex 2025-08-29 v3.1.11a (3.1.11a)
\pgfpic=\box62
\pgf@hbox=\box63
\pgf@layerbox@main=\box64
\pgf@picture@serial@count=\count322
)
(d:/texlive/2026/texmf-dist/tex/generic/pgf/basiclayer/pgfcoregraphicstate.code
.tex
File: pgfcoregraphicstate.code.tex 2025-08-29 v3.1.11a (3.1.11a)
\pgflinewidth=\dimen284
)
(d:/texlive/2026/texmf-dist/tex/generic/pgf/basiclayer/pgfcoretransformations.c
ode.tex
File: pgfcoretransformations.code.tex 2025-08-29 v3.1.11a (3.1.11a)
\pgf@pt@x=\dimen285
\pgf@pt@y=\dimen286
\pgf@pt@temp=\dimen287
)
(d:/texlive/2026/texmf-dist/tex/generic/pgf/basiclayer/pgfcorequick.code.tex
File: pgfcorequick.code.tex 2025-08-29 v3.1.11a (3.1.11a)
)
(d:/texlive/2026/texmf-dist/tex/generic/pgf/basiclayer/pgfcoreobjects.code.tex
File: pgfcoreobjects.code.tex 2025-08-29 v3.1.11a (3.1.11a)
)
(d:/texlive/2026/texmf-dist/tex/generic/pgf/basiclayer/pgfcorepathprocessing.co
de.tex
File: pgfcorepathprocessing.code.tex 2025-08-29 v3.1.11a (3.1.11a)
)
(d:/texlive/2026/texmf-dist/tex/generic/pgf/basiclayer/pgfcorearrows.code.tex
File: pgfcorearrows.code.tex 2025-08-29 v3.1.11a (3.1.11a)
\pgfarrowsep=\dimen288
)
(d:/texlive/2026/texmf-dist/tex/generic/pgf/basiclayer/pgfcoreshade.code.tex
File: pgfcoreshade.code.tex 2025-08-29 v3.1.11a (3.1.11a)
\pgf@max=\dimen289
\pgf@sys@shading@range@num=\count323
\pgf@shadingcount=\count324
)
(d:/texlive/2026/texmf-dist/tex/generic/pgf/basiclayer/pgfcoreimage.code.tex
File: pgfcoreimage.code.tex 2025-08-29 v3.1.11a (3.1.11a)
)
(d:/texlive/2026/texmf-dist/tex/generic/pgf/basiclayer/pgfcoreexternal.code.tex
File: pgfcoreexternal.code.tex 2025-08-29 v3.1.11a (3.1.11a)
\pgfexternal@startupbox=\box65
) (d:/texlive/2026/texmf-dist/tex/generic/pgf/basiclayer/pgfcorelayers.code.tex
File: pgfcorelayers.code.tex 2025-08-29 v3.1.11a (3.1.11a)
)
(d:/texlive/2026/texmf-dist/tex/generic/pgf/basiclayer/pgfcoretransparency.code
.tex
File: pgfcoretransparency.code.tex 2025-08-29 v3.1.11a (3.1.11a)
)
(d:/texlive/2026/texmf-dist/tex/generic/pgf/basiclayer/pgfcorepatterns.code.tex
File: pgfcorepatterns.code.tex 2025-08-29 v3.1.11a (3.1.11a)
) (d:/texlive/2026/texmf-dist/tex/generic/pgf/basiclayer/pgfcorerdf.code.tex
File: pgfcorerdf.code.tex 2025-08-29 v3.1.11a (3.1.11a)
))) (d:/texlive/2026/texmf-dist/tex/generic/pgf/modules/pgfmoduleshapes.code.te
x
File: pgfmoduleshapes.code.tex 2025-08-29 v3.1.11a (3.1.11a)
\pgfnodeparttextbox=\box66
)
(d:/texlive/2026/texmf-dist/tex/generic/pgf/modules/pgfmoduleplot.code.tex
File: pgfmoduleplot.code.tex 2025-08-29 v3.1.11a (3.1.11a)
)
(d:/texlive/2026/texmf-dist/tex/latex/pgf/compatibility/pgfcomp-version-0-65.st
y
Package: pgfcomp-version-0-65 2025-08-29 v3.1.11a (3.1.11a)
\pgf@nodesepstart=\dimen290
\pgf@nodesepend=\dimen291
)
(d:/texlive/2026/texmf-dist/tex/latex/pgf/compatibility/pgfcomp-version-1-18.st
y
Package: pgfcomp-version-1-18 2025-08-29 v3.1.11a (3.1.11a)
)) (d:/texlive/2026/texmf-dist/tex/latex/pgf/utilities/pgffor.sty
(d:/texlive/2026/texmf-dist/tex/latex/pgf/utilities/pgfkeys.sty
(d:/texlive/2026/texmf-dist/tex/generic/pgf/utilities/pgfkeys.code.tex))
(d:/texlive/2026/texmf-dist/tex/latex/pgf/math/pgfmath.sty
(d:/texlive/2026/texmf-dist/tex/generic/pgf/math/pgfmath.code.tex))
(d:/texlive/2026/texmf-dist/tex/generic/pgf/utilities/pgffor.code.tex
Package: pgffor 2025-08-29 v3.1.11a (3.1.11a)
\pgffor@iter=\dimen292
\pgffor@skip=\dimen293
\pgffor@stack=\toks43
\pgffor@toks=\toks44
))
(d:/texlive/2026/texmf-dist/tex/generic/pgf/frontendlayer/tikz/tikz.code.tex
Package: tikz 2025-08-29 v3.1.11a (3.1.11a)

(d:/texlive/2026/texmf-dist/tex/generic/pgf/libraries/pgflibraryplothandlers.co
de.tex
File: pgflibraryplothandlers.code.tex 2025-08-29 v3.1.11a (3.1.11a)
\pgf@plot@mark@count=\count325
\pgfplotmarksize=\dimen294
)
\tikz@lastx=\dimen295
\tikz@lasty=\dimen296
\tikz@lastxsaved=\dimen297
\tikz@lastysaved=\dimen298
\tikz@lastmovetox=\dimen299
\tikz@lastmovetoy=\dimen300
\tikzleveldistance=\dimen301
\tikzsiblingdistance=\dimen302
\tikz@figbox=\box67
\tikz@figbox@bg=\box68
\tikz@tempbox=\box69
\tikz@tempbox@bg=\box70
\tikztreelevel=\count326
\tikznumberofchildren=\count327
\tikznumberofcurrentchild=\count328
\tikz@fig@count=\count329

(d:/texlive/2026/texmf-dist/tex/generic/pgf/modules/pgfmodulematrix.code.tex
File: pgfmodulematrix.code.tex 2025-08-29 v3.1.11a (3.1.11a)
\pgfmatrixcurrentrow=\count330
\pgfmatrixcurrentcolumn=\count331
\pgf@matrix@numberofcolumns=\count332
)
\tikz@expandcount=\count333

(d:/texlive/2026/texmf-dist/tex/generic/pgf/frontendlayer/tikz/libraries/tikzli
brarytopaths.code.tex
File: tikzlibrarytopaths.code.tex 2025-08-29 v3.1.11a (3.1.11a)
)))
(d:/texlive/2026/texmf-dist/tex/generic/pgf/frontendlayer/tikz/libraries/tikzli
braryshapes.code.tex
File: tikzlibraryshapes.code.tex 2025-08-29 v3.1.11a (3.1.11a)

(d:/texlive/2026/texmf-dist/tex/generic/pgf/frontendlayer/tikz/libraries/tikzli
braryshapes.geometric.code.tex
File: tikzlibraryshapes.geometric.code.tex 2025-08-29 v3.1.11a (3.1.11a)

(d:/texlive/2026/texmf-dist/tex/generic/pgf/libraries/shapes/pgflibraryshapes.g
eometric.code.tex
File: pgflibraryshapes.geometric.code.tex 2025-08-29 v3.1.11a (3.1.11a)
))
(d:/texlive/2026/texmf-dist/tex/generic/pgf/frontendlayer/tikz/libraries/tikzli
braryshapes.misc.code.tex
File: tikzlibraryshapes.misc.code.tex 2025-08-29 v3.1.11a (3.1.11a)

(d:/texlive/2026/texmf-dist/tex/generic/pgf/libraries/shapes/pgflibraryshapes.m
isc.code.tex
File: pgflibraryshapes.misc.code.tex 2025-08-29 v3.1.11a (3.1.11a)
))
(d:/texlive/2026/texmf-dist/tex/generic/pgf/frontendlayer/tikz/libraries/tikzli
braryshapes.symbols.code.tex
File: tikzlibraryshapes.symbols.code.tex 2025-08-29 v3.1.11a (3.1.11a)

(d:/texlive/2026/texmf-dist/tex/generic/pgf/libraries/shapes/pgflibraryshapes.s
ymbols.code.tex
File: pgflibraryshapes.symbols.code.tex 2025-08-29 v3.1.11a (3.1.11a)
))
(d:/texlive/2026/texmf-dist/tex/generic/pgf/frontendlayer/tikz/libraries/tikzli
braryshapes.arrows.code.tex
File: tikzlibraryshapes.arrows.code.tex 2025-08-29 v3.1.11a (3.1.11a)

(d:/texlive/2026/texmf-dist/tex/generic/pgf/libraries/shapes/pgflibraryshapes.a
rrows.code.tex
File: pgflibraryshapes.arrows.code.tex 2025-08-29 v3.1.11a (3.1.11a)
))
(d:/texlive/2026/texmf-dist/tex/generic/pgf/frontendlayer/tikz/libraries/tikzli
braryshapes.callouts.code.tex
(d:/texlive/2026/texmf-dist/tex/generic/pgf/libraries/shapes/pgflibraryshapes.c
allouts.code.tex))
(d:/texlive/2026/texmf-dist/tex/generic/pgf/frontendlayer/tikz/libraries/tikzli
braryshapes.multipart.code.tex
File: tikzlibraryshapes.multipart.code.tex 2025-08-29 v3.1.11a (3.1.11a)

(d:/texlive/2026/texmf-dist/tex/generic/pgf/libraries/shapes/pgflibraryshapes.m
ultipart.code.tex
File: pgflibraryshapes.multipart.code.tex 2025-08-29 v3.1.11a (3.1.11a)
\pgfnodepartlowerbox=\box71
\pgfnodeparttwobox=\box72
\pgfnodepartthreebox=\box73
\pgfnodepartfourbox=\box74
\pgfnodeparttwentybox=\box75
\pgfnodepartnineteenbox=\box76
\pgfnodeparteighteenbox=\box77
\pgfnodepartseventeenbox=\box78
\pgfnodepartsixteenbox=\box79
\pgfnodepartfifteenbox=\box80
\pgfnodepartfourteenbox=\box81
\pgfnodepartthirteenbox=\box82
\pgfnodeparttwelvebox=\box83
\pgfnodepartelevenbox=\box84
\pgfnodeparttenbox=\box85
\pgfnodepartninebox=\box86
\pgfnodeparteightbox=\box87
\pgfnodepartsevenbox=\box88
\pgfnodepartsixbox=\box89
\pgfnodepartfivebox=\box90
)))
(d:/texlive/2026/texmf-dist/tex/generic/pgf/libraries/pgflibraryarrows.meta.cod
e.tex
File: pgflibraryarrows.meta.code.tex 2025-08-29 v3.1.11a (3.1.11a)
\pgfarrowinset=\dimen303
\pgfarrowlength=\dimen304
\pgfarrowwidth=\dimen305
\pgfarrowlinewidth=\dimen306
)
(d:/texlive/2026/texmf-dist/tex/generic/pgf/frontendlayer/tikz/libraries/tikzli
brarypositioning.code.tex
File: tikzlibrarypositioning.code.tex 2025-08-29 v3.1.11a (3.1.11a)
)
(d:/texlive/2026/texmf-dist/tex/generic/pgf/frontendlayer/tikz/libraries/tikzli
brarycalc.code.tex
File: tikzlibrarycalc.code.tex 2025-08-29 v3.1.11a (3.1.11a)
) (d:/texlive/2026/texmf-dist/tex/latex/hyperref/hyperref.sty
Package: hyperref 2026-01-29 v7.01p Hypertext links for LaTeX
(d:/texlive/2026/texmf-dist/tex/latex/kvsetkeys/kvsetkeys.sty
Package: kvsetkeys 2022-10-05 v1.19 Key value parser (HO)
)
(d:/texlive/2026/texmf-dist/tex/generic/kvdefinekeys/kvdefinekeys.sty
Package: kvdefinekeys 2019-12-19 v1.6 Define keys (HO)
)
(d:/texlive/2026/texmf-dist/tex/generic/pdfescape/pdfescape.sty
Package: pdfescape 2019/12/09 v1.15 Implements pdfTeX's escape features (HO)

(d:/texlive/2026/texmf-dist/tex/generic/ltxcmds/ltxcmds.sty
Package: ltxcmds 2023-12-04 v1.26 LaTeX kernel commands for general use (HO)
)
(d:/texlive/2026/texmf-dist/tex/generic/pdftexcmds/pdftexcmds.sty
Package: pdftexcmds 2020-06-27 v0.33 Utility functions of pdfTeX for LuaTeX (HO
)

(d:/texlive/2026/texmf-dist/tex/generic/infwarerr/infwarerr.sty
Package: infwarerr 2019/12/03 v1.5 Providing info/warning/error messages (HO)
)
Package pdftexcmds Info: \pdf@primitive is available.
Package pdftexcmds Info: \pdf@ifprimitive is available.
Package pdftexcmds Info: \pdfdraftmode not found.
))
(d:/texlive/2026/texmf-dist/tex/latex/hycolor/hycolor.sty
Package: hycolor 2020-01-27 v1.10 Color options for hyperref/bookmark (HO)
)
(d:/texlive/2026/texmf-dist/tex/latex/hyperref/nameref.sty
Package: nameref 2026-01-29 v2.58 Cross-referencing by name of section

(d:/texlive/2026/texmf-dist/tex/latex/refcount/refcount.sty
Package: refcount 2019/12/15 v3.6 Data extraction from label references (HO)
)
(d:/texlive/2026/texmf-dist/tex/generic/gettitlestring/gettitlestring.sty
Package: gettitlestring 2019/12/15 v1.6 Cleanup title references (HO)

(d:/texlive/2026/texmf-dist/tex/latex/kvoptions/kvoptions.sty
Package: kvoptions 2022-06-15 v3.15 Key value format for package options (HO)
))
\c@section@level=\count334
)
(d:/texlive/2026/texmf-dist/tex/latex/etoolbox/etoolbox.sty
Package: etoolbox 2025/10/02 v2.5m e-TeX tools for LaTeX (JAW)
\etb@tempcnta=\count335
)
(d:/texlive/2026/texmf-dist/tex/generic/stringenc/stringenc.sty
Package: stringenc 2019/11/29 v1.12 Convert strings between diff. encodings (HO
)
)
\@linkdim=\dimen307
\Hy@linkcounter=\count336
\Hy@pagecounter=\count337

(d:/texlive/2026/texmf-dist/tex/latex/hyperref/pd1enc.def
File: pd1enc.def 2026-01-29 v7.01p Hyperref: PDFDocEncoding definition (HO)
)
(d:/texlive/2026/texmf-dist/tex/generic/intcalc/intcalc.sty
Package: intcalc 2019/12/15 v1.3 Expandable calculations with integers (HO)
)
\Hy@SavedSpaceFactor=\count338

(d:/texlive/2026/texmf-dist/tex/latex/hyperref/puenc.def
File: puenc.def 2026-01-29 v7.01p Hyperref: PDF Unicode definition (HO)
)
Package hyperref Info: Hyper figures OFF on input line 4201.
Package hyperref Info: Link nesting OFF on input line 4206.
Package hyperref Info: Hyper index ON on input line 4209.
Package hyperref Info: Plain pages OFF on input line 4216.
Package hyperref Info: Backreferencing OFF on input line 4221.
Package hyperref Info: Implicit mode ON; LaTeX internals redefined.
Package hyperref Info: Bookmarks ON on input line 4468.
\c@Hy@tempcnt=\count339

(d:/texlive/2026/texmf-dist/tex/latex/url/url.sty
\Urlmuskip=\muskip18
Package: url 2013/09/16  ver 3.4  Verb mode for urls, etc.
)
LaTeX Info: Redefining \url on input line 4807.
\XeTeXLinkMargin=\dimen308

(d:/texlive/2026/texmf-dist/tex/generic/bitset/bitset.sty
Package: bitset 2019/12/09 v1.3 Handle bit-vector datatype (HO)

(d:/texlive/2026/texmf-dist/tex/generic/bigintcalc/bigintcalc.sty
Package: bigintcalc 2019/12/15 v1.5 Expandable calculations on big integers (HO
)
))
\Fld@menulength=\count340
\Field@Width=\dimen309
\Fld@charsize=\dimen310
Package hyperref Info: Hyper figures OFF on input line 6084.
Package hyperref Info: Link nesting OFF on input line 6089.
Package hyperref Info: Hyper index ON on input line 6092.
Package hyperref Info: backreferencing OFF on input line 6099.
Package hyperref Info: Link coloring OFF on input line 6104.
Package hyperref Info: Link coloring with OCG OFF on input line 6109.
Package hyperref Info: PDF/A mode OFF on input line 6114.
\Hy@abspage=\count341
\c@Item=\count342
\c@Hfootnote=\count343
)
Package hyperref Info: Driver (autodetected): hxetex.

(d:/texlive/2026/texmf-dist/tex/latex/hyperref/hxetex.def
File: hxetex.def 2026-01-29 v7.01p Hyperref driver for XeTeX
\pdfm@box=\box91
\c@Hy@AnnotLevel=\count344
\HyField@AnnotCount=\count345
\Fld@listcount=\count346
\c@bookmark@seq@number=\count347

(d:/texlive/2026/texmf-dist/tex/latex/rerunfilecheck/rerunfilecheck.sty
Package: rerunfilecheck 2025-06-21 v1.11 Rerun checks for auxiliary files (HO)

(d:/texlive/2026/texmf-dist/tex/generic/uniquecounter/uniquecounter.sty
Package: uniquecounter 2019/12/15 v1.4 Provide unlimited unique counter (HO)
)
Package uniquecounter Info: New unique counter `rerunfilecheck' on input line 2
84.
)
\Hy@SectionHShift=\skip62
)
(d:/texlive/2026/texmf-dist/tex/latex/xepersian/xepersian.sty
Package: xepersian 2026/01/01 v26.01.01 (Release Iran) Persian typesetting in X
eLaTeX

****************************************************
* 
* xepersian package (Persian for LaTeX format in XeTeX and LuaTeX engines)
* 
* Description: A convenient interface for typesetting Persian and
English documents with LaTeX format in XeTeX and LuaTeX engines.
* 
* Copyright (c) 2008--2026 Vafa Khalighi
* Copyright (c) 2018--2020 bidi-tex GitHub Organization
* 
* v26.01.01 (Release Iran), 2026/01/01
* 
* License: LaTeX Project Public License, version
* 1.3c or higher (your choice)
* 
* Location on CTAN: /macros/unicodetex/latex/xepersian
* 
* Issue tracker: https://github.com/xepersian/xepersian/issues
* 
* Primary author of xepersian package: Vafa Khalighi.
* 
****************************************************
(d:/texlive/2026/texmf-dist/tex/latex/fontspec/fontspec.sty
(d:/texlive/2026/texmf-dist/tex/latex/l3packages/xparse/xparse.sty
(d:/texlive/2026/texmf-dist/tex/latex/l3kernel/expl3.sty
Package: expl3 2026-01-19 L3 programming layer (loader) 

(d:/texlive/2026/texmf-dist/tex/latex/l3backend/l3backend-xetex.def
File: l3backend-xetex.def 2025-10-09 L3 backend support: XeTeX
\g__graphics_track_int=\count348
\g__pdfannot_backend_int=\count349
\g__pdfannot_backend_link_int=\count350
))
Package: xparse 2025-10-09 L3 Experimental document command parser
)
Package: fontspec 2025/09/29 v2.9g Font selection for XeLaTeX and LuaLaTeX

(d:/texlive/2026/texmf-dist/tex/latex/fontspec/fontspec-xetex.sty
Package: fontspec-xetex 2025/09/29 v2.9g Font selection for XeLaTeX and LuaLaTe
X
\l__fontspec_script_int=\count351
\l__fontspec_language_int=\count352
\l__fontspec_strnum_int=\count353
\l__fontspec_tmp_int=\count354
\l__fontspec_tmpa_int=\count355
\l__fontspec_tmpb_int=\count356
\l__fontspec_tmpc_int=\count357
\l__fontspec_em_int=\count358
\l__fontspec_emdef_int=\count359
\l__fontspec_strong_int=\count360
\l__fontspec_strongdef_int=\count361
\l__fontspec_tmpa_dim=\dimen311
\l__fontspec_tmpb_dim=\dimen312
\l__fontspec_tmpc_dim=\dimen313

(d:/texlive/2026/texmf-dist/tex/latex/base/fontenc.sty
Package: fontenc 2025/07/18 v2.1d Standard LaTeX package
)
(d:/texlive/2026/texmf-dist/tex/latex/fontspec/fontspec.cfg)))
(d:/texlive/2026/texmf-dist/tex/latex/xepersian/unicode-persiancal.sty
Package: unicode-persiancal 2025/01/01 v0.3 Unicode Persian calendar
\XePersian@i=\count362
\XePersian@y=\count363
\XePersian@m=\count364
\XePersian@d=\count365
\XePersian@latini=\count366
\XePersian@persiani=\count367
\XePersian@latinii=\count368
\XePersian@persianii=\count369
\XePersian@latiniii=\count370
\XePersian@persianiii=\count371
\XePersian@latiniv=\count372
\XePersian@persianiv=\count373
\XePersian@latinv=\count374
\XePersian@persianv=\count375
\XePersian@latinvi=\count376
\XePersian@persianvi=\count377
\XePersian@latinvii=\count378
\XePersian@persianvii=\count379
\XePersian@latinviii=\count380
\XePersian@persianviii=\count381
\XePersian@latinix=\count382
\XePersian@persianix=\count383
\XePersian@latinx=\count384
\XePersian@persianx=\count385
\XePersian@latinxi=\count386
\XePersian@persianxi=\count387
\XePersian@latinxii=\count388
\XePersian@persianxii=\count389
\XePersian@persianxiii=\count390
\XePersian@temp=\count391
\XePersian@temptwo=\count392
\XePersian@tempthree=\count393
\XePersian@yModHundred=\count394
\XePersian@thirtytwo=\count395
\XePersian@dn=\count396
\XePersian@sn=\count397
\XePersian@mminusone=\count398
)
(d:/texlive/2026/texmf-dist/tex/latex/xepersian/unicode-persianmath.sty
Package: unicode-persianmath 2026/01/01 v1.2.6 Unicode Persian math
)
(d:/texlive/2026/texmf-dist/tex/latex/bidi/bidi.sty
Package: bidi 2026/01/08 v26.01.08 (Release Iran) Bidirectional typesetting in 
plain TeX and LaTeX

****************************************************
* 
* bidi package (Bidirectional typesetting with
* plain TeX and LaTeX formats in XeTeX and LuaTeX engines)
* 
* Description: A convenient interface for
* typesetting bidirectional texts in plain TeX
* and LaTeX. The package includes adaptations
* for use with many other commonly-used packages.
* 
* Copyright (c) 2007--2026 Vafa Khalighi
* Copyright (c) 2018--2020 bidi-tex GitHub organization
* 
* v26.01.08 (Release Iran), 2026/01/08
* 
* License: LaTeX Project Public License, version
* 1.3c or higher (your choice)
* 
* Location on CTAN: /macros/unicodetex/generic/bidi
* 
* Issue tracker: https://github.com/xepersian/bidi/issues
* 
* Primary author of bidi package: Vafa Khalighi.
* 
****************************************************
(d:/texlive/2026/texmf-dist/tex/latex/bidi/biditools.sty
Package: biditools 2025/12/19 v2.9 Programming tools for bidi package
\@bidi@envbody=\toks45
\@bidi@emptytoks=\toks46
\bidi@poscount=\count399
\bidi@tempcountb=\count400
\bidi@temptoksa=\toks47
\bidi@temptoksb=\toks48
\bidi@dummies=\count401
\bidi@are@these@correct=\toks49
\bidi@toks@lista=\toks50
\bidi@toks@listb=\toks51
\bidi@stack@length=\count402
\bidi@empty@stack=\toks52
\bidi@looprepeat@depth=\count403
)
(d:/texlive/2026/texmf-dist/tex/latex/zref/zref-abspage.sty
Package: zref-abspage 2025-06-08 v2.36 Module abspage for zref (HO)

(d:/texlive/2026/texmf-dist/tex/latex/zref/zref-base.sty
Package: zref-base 2025-06-08 v2.36 Module base for zref (HO)

(d:/texlive/2026/texmf-dist/tex/generic/etexcmds/etexcmds.sty
Package: etexcmds 2019/12/15 v1.7 Avoid name clashes with e-TeX commands (HO)
)
(d:/texlive/2026/texmf-dist/tex/latex/auxhook/auxhook.sty
Package: auxhook 2019-12-17 v1.6 Hooks for auxiliary files (HO)
)
Package zref Info: New property list: main on input line 767.
Package zref Info: New property: default on input line 768.
Package zref Info: New property: page on input line 769.
)
\c@abspage=\count404
Package zref Info: New property: abspage on input line 67.
)
\@bidi@copyins@=\insert252
\bidi@typesethour=\count405
\bidi@typesetminute=\count406

(d:/texlive/2026/texmf-dist/tex/latex/bidi/latex-xetex-bidi.def
File: latex-xetex-bidi.def 2025/12/19 v1.5.6 bidi adaptations for `latex.ltx' f
or XeTeX engine
\bidi@n@everypar=\toks53
LaTeX Info: Redefining \centerline on input line 317.
LaTeX Info: Redefining \leftline on input line 326.
LaTeX Info: Redefining \rightline on input line 327.
LaTeX Info: Redefining \underline on input line 335.
\bidi@column@check@number=\count407

(d:/texlive/2026/texmf-dist/tex/latex/bidi/footnote-xetex-bidi.def
File: footnote-xetex-bidi.def 2025/09/30 v1.6 bidi footnote macros for XeTeX en
gine
\c@footdir@label=\count408
\footdir@toks=\toks54
)
(d:/texlive/2026/texmf-dist/tex/latex/bidi/book-xetex-bidi.def
File: book-xetex-bidi.def 2025/12/19 v1.6 bidi adaptations for standard book cl
ass for XeTeX engine
)
(d:/texlive/2026/texmf-dist/tex/latex/bidi/amsmath-xetex-bidi.def
File: amsmath-xetex-bidi.def 2020/05/16 v1.2 bidi adaptations for amsmath packa
ge for XeTeX engine
)
(d:/texlive/2026/texmf-dist/tex/latex/bidi/amstext-xetex-bidi.def
File: amstext-xetex-bidi.def 2016/09/12 v0.2 bidi adaptations for amstext packa
ge for XeTeX engine
)
(d:/texlive/2026/texmf-dist/tex/latex/bidi/amsthm-xetex-bidi.def
File: amsthm-xetex-bidi.def 2010/07/25 v0.1 bidi adaptations for amsthm package
 for XeTeX engine
)
(d:/texlive/2026/texmf-dist/tex/latex/bidi/array-xetex-bidi.def
File: array-xetex-bidi.def 2025/12/06 v0.8 bidi adaptations for array package f
or XeTeX engine
)
(d:/texlive/2026/texmf-dist/tex/latex/bidi/caption-xetex-bidi.def
File: caption-xetex-bidi.def 2010/07/25 v0.1 bidi adaptations for caption packa
ge for XeTeX engine
)
(d:/texlive/2026/texmf-dist/tex/latex/bidi/caption3-xetex-bidi.def
File: caption3-xetex-bidi.def 2013/04/01 v0.1 bidi adaptations for caption3 pac
kage for XeTeX engine
)
(d:/texlive/2026/texmf-dist/tex/latex/bidi/color-xetex-bidi.def
File: color-xetex-bidi.def 2013/04/08 v0.2 bidi adaptations for color package f
or XeTeX engine
LaTeX Info: Redefining \color on input line 50.
)
(d:/texlive/2026/texmf-dist/tex/latex/bidi/geometry-xetex-bidi.def
File: geometry-xetex-bidi.def 2017/01/14 v0.2 bidi adaptations for geometry pac
kage for XeTeX engine
)
(d:/texlive/2026/texmf-dist/tex/latex/bidi/graphicx-xetex-bidi.def
File: graphicx-xetex-bidi.def 2017/06/17 v0.5 bidi adaptations for graphicx pac
kage for XeTeX engine
)
(d:/texlive/2026/texmf-dist/tex/latex/bidi/hyperref-xetex-bidi.def
File: hyperref-xetex-bidi.def 2025/12/06 v1.5 bidi adaptations for hyperref pac
kage for XeTeX engine
)
(d:/texlive/2026/texmf-dist/tex/latex/bidi/listings-xetex-bidi.def
File: listings-xetex-bidi.def 2025/01/03 v1.6 bidi adaptations for listings pac
kage for XeTeX engine
)
(d:/texlive/2026/texmf-dist/tex/latex/bidi/pgfsys-xetex-bidi.def
File: pgfsys-xetex-bidi.def 2025/01/05 v0.1 bidi adaptations for pgfsys package
 for XeTeX engine
)
(d:/texlive/2026/texmf-dist/tex/latex/bidi/xcolor-xetex-bidi.def
File: xcolor-xetex-bidi.def 2022/06/13 v0.3 bidi adaptations for xcolor package
 for XeTeX engine
LaTeX Info: Redefining \color on input line 49.
LaTeX Info: Redefining \bidicolor on input line 92.
)
(d:/texlive/2026/texmf-dist/tex/latex/bidi/pgfcorescopes.code-xetex-bidi.def
File: pgfcorescopes.code-xetex-bidi.def 2015/11/14 v0.1 bidi adaptations for pg
f package for XeTeX engine
))
\bidi@digits=\count409
\bidi@digits@charclass=\XeTeXcharclass1
\bidi@sepmark@charclass=\XeTeXcharclass2
)
\xepersian@tcl=\count410
\xepersian@ilg=\dimen314
\xepersian@strutilg=\dimen315

(d:/texlive/2026/texmf-dist/tex/latex/xepersian/footnote-xetex-bidi-xetex-xeper
sian.def
File: footnote-xetex-bidi-xetex-xepersian.def 2017/08/09 v0.6 xepersian adaptat
ions for footnotes for XeTeX engine
)
(d:/texlive/2026/texmf-dist/tex/latex/xepersian/book-xetex-xepersian.def
File: book-xetex-xepersian.def 2010/07/25 v0.2 xepersian adaptations for book c
lass for XeTeX engine
)
(d:/texlive/2026/texmf-dist/tex/latex/xepersian/enumitem-xetex-xepersian.def
File: enumitem-xetex-xepersian.def 2017/09/06 v0.1 xepersian adaptations for en
umitem package for XeTeX engine
)
(d:/texlive/2026/texmf-dist/tex/latex/xepersian/hyperref-xetex-xepersian.def
File: hyperref-xetex-xepersian.def 2022/10/30 v0.8 xepersian adaptations for hy
perref package for XeTeX engine
)
(d:/texlive/2026/texmf-dist/tex/latex/xepersian/listings-xetex-xepersian.def
File: listings-xetex-xepersian.def 2014/07/17 v0.3 xepersian adaptations for li
stings package for XeTeX engine
)
(d:/texlive/2026/texmf-dist/tex/latex/xepersian/url-xetex-xepersian.def
File: url-xetex-xepersian.def 2025/09/03 v0.2 xepersian adaptations for url pac
kage for XeTeX engine
)
\xepersian@toks=\toks55
)

Package fontspec Info: 
(fontspec)             Font family 'lmroman10-regular(0)' created for font
(fontspec)             'lmroman10-regular' with options
(fontspec)             [Ligatures=TeX,Path,BoldFont={lmroman10-bold},BoldItalic
Font={lmroman10-bolditalic},ItalicFont={lmroman10-italic},SmallCapsFont={lmroma
ncaps10-regular},SlantedFont={lmromanslant10-regular},BoldSlantedFont={lmromans
lant10-bold}].
(fontspec)              
(fontspec)              This font family consists of the following NFSS
(fontspec)             series/shapes:
(fontspec)              
(fontspec)             - 'normal' (m/n) with NFSS spec.:
(fontspec)             <->"[lmroman10-regular]/OT:script=latn;language=dflt;map
ping=tex-text;"
(fontspec)             - 'small caps'  (m/sc) with NFSS spec.:
(fontspec)             <->"[lmromancaps10-regular]/OT:script=latn;language=dflt
;mapping=tex-text;"
(fontspec)             - 'bold' (b/n) with NFSS spec.:
(fontspec)             <->"[lmroman10-bold]/OT:script=latn;language=dflt;mappin
g=tex-text;"
(fontspec)             - 'bold small caps'  (b/sc) with NFSS spec.:
(fontspec)             <->"[lmromancaps10-regular]/OT:script=latn;language=dflt
;mapping=tex-text;"
(fontspec)             - 'italic' (m/it) with NFSS spec.:
(fontspec)             <->"[lmroman10-italic]/OT:script=latn;language=dflt;mapp
ing=tex-text;"
(fontspec)             - 'italic small caps'  (m/scit) with NFSS spec.:
(fontspec)             <->"[lmromancaps10-regular]/OT:script=latn;language=dflt
;mapping=tex-text;"
(fontspec)             - 'slanted' (m/sl) with NFSS spec.:
(fontspec)             <->"[lmromanslant10-regular]/OT:script=latn;language=dfl
t;mapping=tex-text;"
(fontspec)             - 'slanted small caps'  (m/scsl) with NFSS spec.:
(fontspec)             <->"[lmromancaps10-regular]/OT:script=latn;language=dflt
;mapping=tex-text;"
(fontspec)             - 'bold italic' (b/it) with NFSS spec.:
(fontspec)             <->"[lmroman10-bolditalic]/OT:script=latn;language=dflt;
mapping=tex-text;"
(fontspec)             - 'bold italic small caps'  (b/scit) with NFSS spec.:
(fontspec)             <->"[lmromancaps10-regular]/OT:script=latn;language=dflt
;mapping=tex-text;"
(fontspec)             - 'bold slanted' (b/sl) with NFSS spec.:
(fontspec)             <->"[lmromanslant10-bold]/OT:script=latn;language=dflt;m
apping=tex-text;"
(fontspec)             - 'bold slanted small caps'  (b/scsl) with NFSS spec.:
(fontspec)             <->"[lmromancaps10-regular]/OT:script=latn;language=dflt
;mapping=tex-text;"


Package fontspec Info: 
(fontspec)             Vazirmatn-Regular scale = 1.1.


Package fontspec Info: 
(fontspec)             Vazirmatn-Regular scale = 1.1.


Package fontspec Info: 
(fontspec)             Vazirmatn-Regular scale = 1.1.


Package fontspec Info: 
(fontspec)             Vazirmatn-Bold scale = 1.1.


Package fontspec Info: 
(fontspec)             Vazirmatn-Bold scale = 1.1.


Package fontspec Info: 
(fontspec)             Font family 'Vazirmatn(0)' created for font 'Vazirmatn'
(fontspec)             with options
(fontspec)             [RawFeature={script=arab},Ligatures=PersianTeX,Path=font
s/,Extension=.ttf,UprightFont=*-Regular,BoldFont=*-Bold,Scale=1.1].
(fontspec)              
(fontspec)              This font family consists of the following NFSS
(fontspec)             series/shapes:
(fontspec)              
(fontspec)             - 'normal' (m/n) with NFSS spec.:
(fontspec)             <->s*[1.1]"[fonts/Vazirmatn-Regular.ttf]/OT:script=latn;
language=dflt;script=arab;mapping=persian-tex-text;"
(fontspec)             - 'small caps'  (m/sc) with NFSS spec.:
(fontspec)             <->s*[1.1]"[fonts/Vazirmatn-Regular.ttf]/OT:script=latn;
language=dflt;script=arab;+smcp;mapping=persian-tex-text;"
(fontspec)             - 'bold' (b/n) with NFSS spec.:
(fontspec)             <->s*[1.1]"[fonts/Vazirmatn-Bold.ttf]/OT:script=latn;lan
guage=dflt;script=arab;mapping=persian-tex-text;"
(fontspec)             - 'bold small caps'  (b/sc) with NFSS spec.:
(fontspec)             <->s*[1.1]"[fonts/Vazirmatn-Bold.ttf]/OT:script=latn;lan
guage=dflt;script=arab;+smcp;mapping=persian-tex-text;"

LaTeX Font Info:    Font shape `TU/Vazirmatn(0)/m/n' will be
(Font)              scaled to size 13.20007pt on input line 87.

Package fontspec Info: 
(fontspec)             Vazirmatn-Regular scale = 1.1.


Package fontspec Info: 
(fontspec)             Vazirmatn-Regular scale = 1.1.


Package fontspec Info: 
(fontspec)             Vazirmatn-Regular scale = 1.1.


Package fontspec Info: 
(fontspec)             Vazirmatn-Bold scale = 1.1.


Package fontspec Info: 
(fontspec)             Vazirmatn-Bold scale = 1.1.


Package fontspec Info: 
(fontspec)             Font family 'Vazirmatn(1)' created for font 'Vazirmatn'
(fontspec)             with options
(fontspec)             [Ligatures=PersianTeX,Path=fonts/,Extension=.ttf,Upright
Font=*-Regular,BoldFont=*-Bold,Scale=1.1].
(fontspec)              
(fontspec)              This font family consists of the following NFSS
(fontspec)             series/shapes:
(fontspec)              
(fontspec)             - 'normal' (m/n) with NFSS spec.:
(fontspec)             <->s*[1.1]"[fonts/Vazirmatn-Regular.ttf]/OT:script=latn;
language=dflt;mapping=persian-tex-text;"
(fontspec)             - 'small caps'  (m/sc) with NFSS spec.:
(fontspec)             <->s*[1.1]"[fonts/Vazirmatn-Regular.ttf]/OT:script=latn;
language=dflt;+smcp;mapping=persian-tex-text;"
(fontspec)             - 'bold' (b/n) with NFSS spec.:
(fontspec)             <->s*[1.1]"[fonts/Vazirmatn-Bold.ttf]/OT:script=latn;lan
guage=dflt;mapping=persian-tex-text;"
(fontspec)             - 'bold small caps'  (b/sc) with NFSS spec.:
(fontspec)             <->s*[1.1]"[fonts/Vazirmatn-Bold.ttf]/OT:script=latn;lan
guage=dflt;+smcp;mapping=persian-tex-text;"


Package fontspec Info: 
(fontspec)             Vazirmatn-Regular scale = 1.1.


Package fontspec Info: 
(fontspec)             Vazirmatn-Regular scale = 1.1.


Package fontspec Info: 
(fontspec)             Vazirmatn-Regular scale = 1.1.


Package fontspec Info: 
(fontspec)             Vazirmatn-Bold scale = 1.1.


Package fontspec Info: 
(fontspec)             Vazirmatn-Bold scale = 1.1.


Package fontspec Info: 
(fontspec)             Font family 'Vazirmatn(2)' created for font 'Vazirmatn'
(fontspec)             with options
(fontspec)             [Path=fonts/,Extension=.ttf,UprightFont=*-Regular,BoldFo
nt=*-Bold,Scale=1.1].
(fontspec)              
(fontspec)              This font family consists of the following NFSS
(fontspec)             series/shapes:
(fontspec)              
(fontspec)             - 'normal' (m/n) with NFSS spec.:
(fontspec)             <->s*[1.1]"[fonts/Vazirmatn-Regular.ttf]/OT:script=latn;
language=dflt;"
(fontspec)             - 'small caps'  (m/sc) with NFSS spec.:
(fontspec)             <->s*[1.1]"[fonts/Vazirmatn-Regular.ttf]/OT:script=latn;
language=dflt;+smcp;"
(fontspec)             - 'bold' (b/n) with NFSS spec.:
(fontspec)             <->s*[1.1]"[fonts/Vazirmatn-Bold.ttf]/OT:script=latn;lan
guage=dflt;"
(fontspec)             - 'bold small caps'  (b/sc) with NFSS spec.:
(fontspec)             <->s*[1.1]"[fonts/Vazirmatn-Bold.ttf]/OT:script=latn;lan
guage=dflt;+smcp;"

Package unicode-persianmath Info: DefiningthedefaultPersianmathdigitsfontas'Vaz
irmatn' on input line 88.
\sympersianoperators=\mathgroup6
\sympersianoperatorsbf=\mathgroup7
\sympersianoperatorsit=\mathgroup8

Package fontspec Info: 
(fontspec)             TeX Gyre Termes scale = 1.291453679763772.


Package fontspec Info: 
(fontspec)             TeX Gyre Termes scale = 1.291453679763772.


Package fontspec Info: 
(fontspec)             TeX Gyre Termes scale = 1.291453679763772.


Package fontspec Info: 
(fontspec)             TeX Gyre Termes/B scale = 1.260637270856664.


Package fontspec Info: 
(fontspec)             TeX Gyre Termes/B scale = 1.260637270856664.


Package fontspec Info: 
(fontspec)             TeX Gyre Termes/I scale = 1.345261082003885.


Package fontspec Info: 
(fontspec)             TeX Gyre Termes/I scale = 1.345261082003885.


Package fontspec Info: 
(fontspec)             TeX Gyre Termes/BI scale = 1.294328380188554.


Package fontspec Info: 
(fontspec)             TeX Gyre Termes/BI scale = 1.294328380188554.


Package fontspec Info: 
(fontspec)             Font family 'TeXGyreTermes(0)' created for font 'TeX
(fontspec)             Gyre Termes' with options
(fontspec)             [Ligatures=TeX,Scale=MatchLowercase].
(fontspec)              
(fontspec)              This font family consists of the following NFSS
(fontspec)             series/shapes:
(fontspec)              
(fontspec)             - 'normal' (m/n) with NFSS spec.:
(fontspec)             <->s*[1.291453679763772]"TeX Gyre
(fontspec)             Termes/OT:script=latn;language=dflt;mapping=tex-text;"
(fontspec)             - 'small caps'  (m/sc) with NFSS spec.:
(fontspec)             <->s*[1.291453679763772]"TeX Gyre
(fontspec)             Termes/OT:script=latn;language=dflt;+smcp;mapping=tex-te
xt;"
(fontspec)             - 'bold' (b/n) with NFSS spec.:
(fontspec)             <->s*[1.260637270856664]"TeX Gyre
(fontspec)             Termes/B/OT:script=latn;language=dflt;mapping=tex-text;"

(fontspec)             - 'bold small caps'  (b/sc) with NFSS spec.:
(fontspec)             <->s*[1.260637270856664]"TeX Gyre
(fontspec)             Termes/B/OT:script=latn;language=dflt;+smcp;mapping=tex-
text;"
(fontspec)             - 'italic' (m/it) with NFSS spec.:
(fontspec)             <->s*[1.345261082003885]"TeX Gyre
(fontspec)             Termes/I/OT:script=latn;language=dflt;mapping=tex-text;"

(fontspec)             - 'italic small caps'  (m/scit) with NFSS spec.:
(fontspec)             <->s*[1.345261082003885]"TeX Gyre
(fontspec)             Termes/I/OT:script=latn;language=dflt;+smcp;mapping=tex-
text;"
(fontspec)             - 'bold italic' (b/it) with NFSS spec.:
(fontspec)             <->s*[1.294328380188554]"TeX Gyre
(fontspec)             Termes/BI/OT:script=latn;language=dflt;mapping=tex-text;
"
(fontspec)             - 'bold italic small caps'  (b/scit) with NFSS spec.:
(fontspec)             <->s*[1.294328380188554]"TeX Gyre
(fontspec)             Termes/BI/OT:script=latn;language=dflt;+smcp;mapping=tex
-text;"

LaTeX Info: Redefining \latinfont on input line 89.
\c@definition=\count411
\c@example=\count412
\c@theorem=\count413
\c@lemma=\count414

(./thesis.aux)
\openout1 = `thesis.aux'.

LaTeX Font Info:    Checking defaults for OML/cmm/m/it on input line 147.
LaTeX Font Info:    ... okay on input line 147.
LaTeX Font Info:    Checking defaults for OMS/cmsy/m/n on input line 147.
LaTeX Font Info:    ... okay on input line 147.
LaTeX Font Info:    Checking defaults for OT1/cmr/m/n on input line 147.
LaTeX Font Info:    ... okay on input line 147.
LaTeX Font Info:    Checking defaults for T1/cmr/m/n on input line 147.
LaTeX Font Info:    ... okay on input line 147.
LaTeX Font Info:    Checking defaults for TS1/cmr/m/n on input line 147.
LaTeX Font Info:    ... okay on input line 147.
LaTeX Font Info:    Checking defaults for TU/lmr/m/n on input line 147.
LaTeX Font Info:    ... okay on input line 147.
LaTeX Font Info:    Checking defaults for OMX/cmex/m/n on input line 147.
LaTeX Font Info:    ... okay on input line 147.
LaTeX Font Info:    Checking defaults for U/cmr/m/n on input line 147.
LaTeX Font Info:    ... okay on input line 147.
LaTeX Font Info:    Checking defaults for PD1/pdf/m/n on input line 147.
LaTeX Font Info:    ... okay on input line 147.
LaTeX Font Info:    Checking defaults for PU/pdf/m/n on input line 147.
LaTeX Font Info:    ... okay on input line 147.

*geometry* driver: auto-detecting
*geometry* detected driver: xetex
*geometry* verbose mode - [ preamble ] result:
* driver: xetex
* paper: a4paper
* layout: <same size as paper>
* layoutoffset:(h,v)=(0.0pt,0.0pt)
* modes: 
* h-part:(L,W,R)=(71.13188pt, 426.79135pt, 99.58464pt)
* v-part:(T,H,B)=(71.13188pt, 702.78308pt, 71.13188pt)
* \paperwidth=597.50787pt
* \paperheight=845.04684pt
* \textwidth=426.79135pt
* \textheight=702.78308pt
* \oddsidemargin=-1.1381pt
* \evensidemargin=-1.1381pt
* \topmargin=-35.0119pt
* \headheight=14.0pt
* \headsep=19.8738pt
* \topskip=12.0pt
* \footskip=35.56593pt
* \marginparwidth=38.0pt
* \marginparsep=7.0pt
* \columnsep=10.0pt
* \skip\footins=10.8pt plus 4.0pt minus 2.0pt
* \hoffset=0.0pt
* \voffset=0.0pt
* \mag=1000
* \@twocolumnfalse
* \@twosidefalse
* \@mparswitchfalse
* \@reversemarginfalse
* (1in=72.27pt=25.4mm, 1cm=28.453pt)

Package caption Info: Begin \AtBeginDocument code.
Package caption Info: hyperref package is loaded.
Package caption Info: listings package is loaded.
Package caption Info: End \AtBeginDocument code.
\c@lstlisting=\count415
Package hyperref Info: Link coloring OFF on input line 147.
(./thesis.out) (./thesis.out)
\@outlinefile=\write4
\openout4 = `thesis.out'.

 (./front/besmellah.tex
LaTeX Font Info:    Font shape `TU/Vazirmatn(0)/m/n' will be
(Font)              scaled to size 27.36815pt on input line 6.
LaTeX Font Info:    Font shape `TU/Vazirmatn(0)/b/n' will be
(Font)              scaled to size 27.36815pt on input line 6.
 [1

]) (./front/cover-fa.tex
LaTeX Font Info:    Font shape `TU/Vazirmatn(0)/m/n' will be
(Font)              scaled to size 15.84007pt on input line 5.
LaTeX Font Info:    Font shape `TU/Vazirmatn(0)/b/n' will be
(Font)              scaled to size 15.84007pt on input line 5.
File: figs/logo.png Graphic file (type bmp)
<figs/logo.png>
LaTeX Font Info:    Font shape `TU/Vazirmatn(0)/m/n' will be
(Font)              scaled to size 19.0081pt on input line 7.
LaTeX Font Info:    Font shape `TU/Vazirmatn(0)/b/n' will be
(Font)              scaled to size 19.0081pt on input line 7.
LaTeX Font Info:    Font shape `TU/Vazirmatn(0)/m/n' will be
(Font)              scaled to size 22.81412pt on input line 10.
LaTeX Font Info:    Font shape `TU/Vazirmatn(0)/b/n' will be
(Font)              scaled to size 22.81412pt on input line 10.
LaTeX Font Info:    Font shape `TU/Vazirmatn(1)/m/n' will be
(Font)              scaled to size 13.20007pt on input line 14.
LaTeX Font Info:    Font shape `TU/Vazirmatn(1)/b/n' will be
(Font)              scaled to size 15.84007pt on input line 15.
[2

]) (./front/rights.tex [1

]) (./front/dedication.tex [2

]) (./front/ack.tex)
(./front/abstract-fa.tex [3


]
LaTeX Font Info:    Font shape `TU/TeXGyreTermes(0)/m/n' will be
(Font)              scaled to size 15.4975pt on input line 6.
LaTeX Font Info:    Trying to load font information for U+msa on input line 10.


(d:/texlive/2026/texmf-dist/tex/latex/amsfonts/umsa.fd
File: umsa.fd 2013/01/14 v3.01 AMS symbols A
)
LaTeX Font Info:    Trying to load font information for U+msb on input line 10.


(d:/texlive/2026/texmf-dist/tex/latex/amsfonts/umsb.fd
File: umsb.fd 2013/01/14 v3.01 AMS symbols B
)
LaTeX Font Info:    Font shape `TU/Vazirmatn(2)/m/n' will be
(Font)              scaled to size 13.20007pt on input line 10.
LaTeX Font Info:    Font shape `TU/Vazirmatn(2)/m/n' will be
(Font)              scaled to size 8.80005pt on input line 10.
LaTeX Font Info:    Font shape `TU/Vazirmatn(2)/m/n' will be
(Font)              scaled to size 6.60004pt on input line 10.
LaTeX Font Info:    Font shape `TU/Vazirmatn(2)/bx/n' in size <12> not availabl
e
(Font)              Font shape `TU/Vazirmatn(2)/b/n' tried instead on input lin
e 10.
LaTeX Font Info:    Font shape `TU/Vazirmatn(2)/b/n' will be
(Font)              scaled to size 13.20007pt on input line 10.
LaTeX Font Info:    Font shape `TU/Vazirmatn(2)/bx/n' in size <8> not available

(Font)              Font shape `TU/Vazirmatn(2)/b/n' tried instead on input lin
e 10.
LaTeX Font Info:    Font shape `TU/Vazirmatn(2)/b/n' will be
(Font)              scaled to size 8.80005pt on input line 10.
LaTeX Font Info:    Font shape `TU/Vazirmatn(2)/bx/n' in size <6> not available

(Font)              Font shape `TU/Vazirmatn(2)/b/n' tried instead on input lin
e 10.
LaTeX Font Info:    Font shape `TU/Vazirmatn(2)/b/n' will be
(Font)              scaled to size 6.60004pt on input line 10.


LaTeX Font Warning: Font shape `TU/Vazirmatn(2)/m/it' undefined
(Font)              using `TU/Vazirmatn(2)/m/n' instead on input line 10.

LaTeX Font Info:    Font shape `TU/Vazirmatn(2)/m/it' will be
(Font)              scaled to size 8.80005pt on input line 10.
LaTeX Font Info:    Font shape `TU/Vazirmatn(2)/m/it' will be
(Font)              scaled to size 6.60004pt on input line 10.
[4

]
LaTeX Font Info:    Font shape `TU/Vazirmatn(0)/b/n' will be
(Font)              scaled to size 13.20007pt on input line 13.
) (./front/symbols.tex [5]) [6

] (./thesis.toc
LaTeX Font Info:    Font shape `TU/Vazirmatn(1)/b/n' will be
(Font)              scaled to size 13.20007pt on input line 6.
 [7


])
\tf@toc=\write5
\openout5 = `thesis.toc'.

 [8] (./thesis.lof
LaTeX Font Info:    Font shape `TU/Vazirmatn(0)/m/n' will be
(Font)              scaled to size 8.80005pt on input line 10.
LaTeX Font Info:    Font shape `TU/Vazirmatn(0)/m/n' will be
(Font)              scaled to size 6.60004pt on input line 10.
)
\tf@lof=\write6
\openout6 = `thesis.lof'.


[9


] (./thesis.lot
Underfull \hbox (badness 2744) in paragraph at lines 3--3
 [][][] [][][][]\TU/Vazirmatn(0)/m/n/12 مقایسه ویژگی‌های روش‌های عددی کلاسیک در
 حل معادلات[][][] 
 []

)
\tf@lot=\write7
\openout7 = `thesis.lot'.

 [10


] (./chapters/ch1-intro.tex
فصل 1.
LaTeX Font Info:    Font shape `TU/Vazirmatn(1)/b/n' will be
(Font)              scaled to size 27.36815pt on input line 2.
LaTeX Font Info:    Font shape `TU/Vazirmatn(1)/m/n' will be
(Font)              scaled to size 8.80005pt on input line 5.
LaTeX Font Info:    Font shape `TU/Vazirmatn(0)/m/n' will be
(Font)              scaled to size 11.00006pt on input line 5.
LaTeX Font Info:    Font shape `TU/TeXGyreTermes(0)/m/n' will be
(Font)              scaled to size 12.91458pt on input line 5.
LaTeX Font Info:    Font shape `TU/Vazirmatn(2)/m/n' will be
(Font)              scaled to size 11.00006pt on input line 5.
LaTeX Font Info:    Font shape `TU/Vazirmatn(2)/m/n' will be
(Font)              scaled to size 7.70004pt on input line 5.
LaTeX Font Info:    Font shape `TU/Vazirmatn(2)/m/n' will be
(Font)              scaled to size 5.50003pt on input line 5.
LaTeX Font Info:    Font shape `TU/Vazirmatn(2)/bx/n' in size <10> not availabl
e
(Font)              Font shape `TU/Vazirmatn(2)/b/n' tried instead on input lin
e 5.
LaTeX Font Info:    Font shape `TU/Vazirmatn(2)/b/n' will be
(Font)              scaled to size 11.00006pt on input line 5.
LaTeX Font Info:    Font shape `TU/Vazirmatn(2)/bx/n' in size <7> not available

(Font)              Font shape `TU/Vazirmatn(2)/b/n' tried instead on input lin
e 5.
LaTeX Font Info:    Font shape `TU/Vazirmatn(2)/b/n' will be
(Font)              scaled to size 7.70004pt on input line 5.
LaTeX Font Info:    Font shape `TU/Vazirmatn(2)/bx/n' in size <5> not available

(Font)              Font shape `TU/Vazirmatn(2)/b/n' tried instead on input lin
e 5.
LaTeX Font Info:    Font shape `TU/Vazirmatn(2)/b/n' will be
(Font)              scaled to size 5.50003pt on input line 5.
LaTeX Font Info:    Font shape `TU/Vazirmatn(2)/m/it' will be
(Font)              scaled to size 11.00006pt on input line 5.
LaTeX Font Info:    Font shape `TU/Vazirmatn(2)/m/it' will be
(Font)              scaled to size 7.70004pt on input line 5.
LaTeX Font Info:    Font shape `TU/Vazirmatn(2)/m/it' will be
(Font)              scaled to size 5.50003pt on input line 5.
LaTeX Font Info:    Font shape `TU/TeXGyreTermes(0)/m/n' will be
(Font)              scaled to size 9.0402pt on input line 5.
LaTeX Font Info:    Font shape `TU/Vazirmatn(2)/m/it' will be
(Font)              scaled to size 13.20007pt on input line 5.
[1


]
LaTeX Font Info:    Font shape `TU/Vazirmatn(1)/b/n' will be
(Font)              scaled to size 19.0081pt on input line 11.
 [2] [3] [4]) (./chapters/ch2-background.tex [5]
فصل 2.
[6

] [7] [8]
LaTeX Font Info:    Font shape `TU/Vazirmatn(0)/b/n' will be
(Font)              scaled to size 11.00006pt on input line 56.
LaTeX Font Info:    Font shape `TU/Vazirmatn(1)/b/n' will be
(Font)              scaled to size 11.00006pt on input line 56.

Underfull \hbox (badness 10000) in paragraph at lines 64--64
[][]|\TU/Vazirmatn(0)/m/n/12 تقریب موضعی[]
 []


Underfull \hbox (badness 10000) in paragraph at lines 64--64
[]\TU/Vazirmatn(0)/m/n/12 مشتقات روی[]
 []


Underfull \hbox (badness 5460) in paragraph at lines 64--64
[][]|\TU/Vazirmatn(0)/m/n/12 سادگی الگوریتمی[]
 []


Underfull \hbox (badness 10000) in paragraph at lines 64--65
[][]|\TU/Vazirmatn(0)/m/n/12 ناتوانی در[]
 []


Underfull \hbox (badness 10000) in paragraph at lines 64--65
[]\TU/Vazirmatn(0)/m/n/12 هندسه‌های[]
 []


Underfull \hbox (badness 10000) in paragraph at lines 66--66
[][]|\TU/Vazirmatn(0)/m/n/12 فرمول‌بندی[]
 []


Underfull \hbox (badness 10000) in paragraph at lines 66--66
[]\TU/Vazirmatn(0)/m/n/12 ضعیف روی[]
 []


Underfull \hbox (badness 10000) in paragraph at lines 66--66
[][]|\TU/Vazirmatn(0)/m/n/12 انعطاف‌پذیری[]
 []


Underfull \hbox (badness 10000) in paragraph at lines 68--68
[][]|\TU/Vazirmatn(0)/m/n/12 بسط جواب بر[]
 []


Underfull \hbox (badness 3168) in paragraph at lines 68--68
[]\TU/Vazirmatn(0)/m/n/12 حسب توابع پایه[]
 []


Underfull \hbox (badness 10000) in paragraph at lines 68--68
[][]|\TU/Vazirmatn(0)/m/n/12 نرخ همگرایی[]
 []


Underfull \hbox (badness 10000) in paragraph at lines 68--69
[][]|\TU/Vazirmatn(0)/m/n/12 محدود به[]
 []


Underfull \hbox (badness 10000) in paragraph at lines 68--69
[]\TU/Vazirmatn(0)/m/n/12 هندسه‌های[]
 []


Underfull \hbox (badness 10000) in paragraph at lines 68--69
[]\TU/Vazirmatn(0)/m/n/12 ساده و شرایط[]
 []

[9]
LaTeX Font Info:    Font shape `TU/TeXGyreTermes(0)/m/n' will be
(Font)              scaled to size 14.14145pt on input line 112.

Underfull \hbox (badness 2126) in paragraph at lines 132--133
[][]|\TU/Vazirmatn(0)/m/n/12 بازه خروجی $\OT1/cmr/m/n/12 (0\OML/cmm/m/it/12 ; \
OT1/cmr/m/n/12 1)$\TU/Vazirmatn(0)/m/n/12 ، هموار و[]
 []


Underfull \hbox (badness 10000) in paragraph at lines 134--134
[][]|\TU/Vazirmatn(0)/m/n/12 تانژانت هیپربولیک[]
 []


Underfull \hbox (badness 2799) in paragraph at lines 134--135
[][]|\TU/Vazirmatn(0)/m/n/12 بازه خروجی $\OT1/cmr/m/n/12 (\OMS/cmsy/m/n/12 ^^@\
OT1/cmr/m/n/12 1\OML/cmm/m/it/12 ; \OT1/cmr/m/n/12 1)$\TU/Vazirmatn(0)/m/n/12 ،
 هموار،[]
 []


Underfull \hbox (badness 2150) in paragraph at lines 136--136
[][]|\TU/Vazirmatn(0)/m/n/12 واحد خطی یکسوشده[]
 []


Underfull \hbox (badness 10000) in paragraph at lines 136--136
[][]|$[]\OT1/cmr/m/n/12 (\OML/cmm/m/it/12 z\OT1/cmr/m/n/12 ) =$[]
 []

[10]
LaTeX Font Info:    Font shape `TU/TeXGyreTermes(0)/b/n' will be
(Font)              scaled to size 15.12762pt on input line 168.
 [11] [12] [13]) (./chapters/ch3-method.tex [14]
فصل 3.
[15

]
LaTeX Font Info:    Font shape `TU/Vazirmatn(2)/m/n' will be
(Font)              scaled to size 12.04506pt on input line 40.
LaTeX Font Info:    Font shape `TU/Vazirmatn(2)/bx/n' in size <10.95> not avail
able
(Font)              Font shape `TU/Vazirmatn(2)/b/n' tried instead on input lin
e 40.
LaTeX Font Info:    Font shape `TU/Vazirmatn(2)/b/n' will be
(Font)              scaled to size 12.04506pt on input line 40.
LaTeX Font Info:    Font shape `TU/Vazirmatn(2)/m/it' will be
(Font)              scaled to size 12.04506pt on input line 40.
 [16] [17] [18] [19]
Underfull \hbox (badness 4967) in paragraph at lines 141--141
[][]|\TU/Vazirmatn(0)/m/n/12 بردار پیوسته زمانی-مکانی[]
 []


Underfull \hbox (badness 5203) in paragraph at lines 145--146
[][]|\TU/Vazirmatn(0)/m/n/12 مقادیر حالت در دو لحظه[]
 []


Underfull \hbox (badness 6775) in paragraph at lines 149--149
[][]|\TU/Vazirmatn(0)/m/n/12 وضعیت در این[]
 []


Underfull \hbox (badness 2865) in paragraph at lines 149--149
[][]|\TU/Vazirmatn(0)/m/n/12 پیاده‌سازی و تحلیل کامل[]
 []

) (./chapters/ch4-implementation.tex [20]
فصل 4.
[21

] [22]
File: figs/forward_points.pdf Graphic file (type pdf)
<use figs/forward_points.pdf>

Underfull \hbox (badness 10000) in paragraph at lines 52--52
[][]|\TU/Vazirmatn(0)/m/n/12 تعداد کل پارامترهای[]
 []


Underfull \hbox (badness 10000) in paragraph at lines 62--62
[][]|\TU/Vazirmatn(0)/m/n/12 دقت محاسباتی ممیز[]
 []

File: figs/loss_history.pdf Graphic file (type pdf)
<use figs/loss_history.pdf>
[23]
File: figs/burgers_snapshots.pdf Graphic file (type pdf)
<use figs/burgers_snapshots.pdf>
File: figs/error_heatmap.pdf Graphic file (type pdf)
<use figs/error_heatmap.pdf>
LaTeX Font Info:    Font shape `TU/Vazirmatn(0)/m/n' will be
(Font)              scaled to size 7.70004pt on input line 93.
LaTeX Font Info:    Font shape `TU/Vazirmatn(0)/m/n' will be
(Font)              scaled to size 5.50003pt on input line 93.
LaTeX Font Info:    Font shape `TU/Vazirmatn(1)/m/n' will be
(Font)              scaled to size 11.00006pt on input line 100.

Underfull \hbox (badness 10000) in paragraph at lines 106--106
[][]|\TU/Vazirmatn(0)/b/n/12 نقاط[]
 []


Underfull \hbox (badness 10000) in paragraph at lines 108--108
[][]|\TU/Vazirmatn(0)/m/n/12 رئیسی و[]
 []

[24]
File: figs/inverse_points.pdf Graphic file (type pdf)
<use figs/inverse_points.pdf>
 [25]
Underfull \hbox (badness 10000) in paragraph at lines 146--146
[][]|\TU/Vazirmatn(0)/m/n/12 بدون نویز[]
 []


Underfull \hbox (badness 4518) in paragraph at lines 150--150
[][]|\TU/Vazirmatn(0)/m/n/12 مقادیر واقعی[]
 []

[26] [27]) (./chapters/ch5-conclusion.tex [28]
فصل 5.
[29

] [30]
Underfull \hbox (badness 1014) in paragraph at lines 42--43
[][]\TU/Vazirmatn(0)/b/n/12 توسعه به ابعاد بالاتر و معادلات پیچیده‌تر: \TU/Vazi
rmatn(0)/m/n/12 بررسی کارایی روش در حل[]
 []

) (./back/references.tex [31]
Underfull \hbox (badness 1173) in paragraph at lines 32--36
[][]\TU/TeXGyreTermes(0)/m/n/12 M. Raissi, P. Perdikaris, and G. E. Karniadakis
, “Physics-[]
 []

[32

]
Underfull \hbox (badness 10000) in paragraph at lines 135--137
[][]\TU/TeXGyreTermes(0)/m/n/12 J. Bradbury et al., “JAX: Composable transforma
tions[]
 []


Underfull \hbox (badness 6032) in paragraph at lines 135--137
[]\TU/TeXGyreTermes(0)/m/n/12 of Python+NumPy programs,” 2018. [Online]. Availa
ble:[]
 []

[33]) (./back/glossary.tex [34] [35

]) (./back/appendix-code.tex [36]
Package hyperref Info: bookmark level for unknown lstlisting defaults to 0 on i
nput line 17.

(./code/pinn_burgers.py
LaTeX Font Info:    Font shape `TU/Vazirmatn(1)/m/n' will be
(Font)              scaled to size 6.60004pt on input line 1.

Missing character: There is no ‏ (U+200F) in font [lmmono8-regular]:!
Missing character: There is no ‏ (U+200F) in font [lmmono8-regular]:!
Missing character: There is no ‏ (U+200F) in font [lmmono8-regular]:!
Missing character: There is no ‏ (U+200F) in font [lmmono8-regular]:!
LaTeX Font Info:    Font shape `TU/lmtt/bx/n' in size <8> not available
(Font)              Font shape `TU/lmtt/b/n' tried instead on input line 23.
[37

]
Missing character: There is no ‏ (U+200F) in font [lmmono8-regular]:!
Missing character: There is no ‏ (U+200F) in font [lmmono8-regular]:!
Missing character: There is no ‏ (U+200F) in font [lmmono8-regular]:!
Missing character: There is no ‏ (U+200F) in font [lmmono8-regular]:!
Missing character: There is no ‏ (U+200F) in font [lmmono8-regular]:!
Missing character: There is no ‏ (U+200F) in font [lmmono8-regular]:!
Missing character: There is no ‏ (U+200F) in font [lmmono8-regular]:!
Missing character: There is no ‏ (U+200F) in font [lmmono8-regular]:!
Missing character: There is no ‏ (U+200F) in font [lmmono8-regular]:!
Missing character: There is no ‏ (U+200F) in font [lmmono8-regular]:!
Missing character: There is no ‏ (U+200F) in font [lmmono8-regular]:!
Missing character: There is no ‏ (U+200F) in font [lmmono8-regular]:!
Missing character: There is no ‏ (U+200F) in font [lmmono8-regular]:!
Missing character: There is no ‏ (U+200F) in font [lmmono8-regular]:!
Missing character: There is no ‏ (U+200F) in font [lmmono8-regular]:!
Missing character: There is no ‏ (U+200F) in font [lmmono8-regular]:!
Missing character: There is no ‏ (U+200F) in font [lmmono8-regular]:!
Missing character: There is no ‏ (U+200F) in font [lmmono8-regular]:!
Missing character: There is no ‏ (U+200F) in font [lmmono8-regular]:!
Missing character: There is no ‏ (U+200F) in font [lmmono8-regular]:!
Missing character: There is no ‏ (U+200F) in font [lmmono8-regular]:!
Missing character: There is no ‏ (U+200F) in font [lmmono8-regular]:!
Missing character: There is no ‏ (U+200F) in font [lmmono8-regular]:!
[38]
Missing character: There is no ‏ (U+200F) in font [lmmono8-regular]:!
Missing character: There is no ‏ (U+200F) in font [lmmono8-regular]:!
Missing character: There is no ‏ (U+200F) in font [lmmono8-regular]:!
Missing character: There is no ‏ (U+200F) in font [lmmono8-regular]:!
[39]
Missing character: There is no ‏ (U+200F) in font [lmmono8-regular]:!
Missing character: There is no ‏ (U+200F) in font [lmmono8-regular]:!
Missing character: There is no ‏ (U+200F) in font [lmmono8-regular]:!
Missing character: There is no ‏ (U+200F) in font [lmmono8-regular]:!
Missing character: There is no ‏ (U+200F) in font [lmmono8-regular]:!
Missing character: There is no ‏ (U+200F) in font [lmmono8-regular]:!
Missing character: There is no ‏ (U+200F) in font [lmmono8-regular]:!
Missing character: There is no ‏ (U+200F) in font [lmmono8-regular]:!
Missing character: There is no ‏ (U+200F) in font [lmmono8-regular]:!
Missing character: There is no ‏ (U+200F) in font [lmmono8-regular]:!
Missing character: There is no ‏ (U+200F) in font [lmmono8-regular]:!
[40]
Missing character: There is no ‏ (U+200F) in font [lmmono8-regular]:!
Missing character: There is no ‏ (U+200F) in font [lmmono8-regular]:!
Missing character: There is no ‏ (U+200F) in font [lmmono8-regular]:!
Missing character: There is no ‏ (U+200F) in font [lmmono8-regular]:!
Missing character: There is no ‏ (U+200F) in font [lmmono8-regular]:!
Missing character: There is no ‏ (U+200F) in font [lmmono8-regular]:!
Missing character: There is no ‏ (U+200F) in font [lmmono8-regular]:!
Missing character: There is no ‏ (U+200F) in font [lmmono8-regular]:!
Missing character: There is no ‏ (U+200F) in font [lmmono8-regular]:!
Missing character: There is no ‏ (U+200F) in font [lmmono8-regular]:!
Missing character: There is no ‏ (U+200F) in font [lmmono8-regular]:!
Missing character: There is no ‏ (U+200F) in font [lmmono8-regular]:!
Missing character: There is no ‏ (U+200F) in font [lmmono8-regular]:!
Missing character: There is no ‏ (U+200F) in font [lmmono8-regular]:!
Missing character: There is no ‏ (U+200F) in font [lmmono8-regular]:!
Missing character: There is no ‏ (U+200F) in font [lmmono8-regular]:!
Missing character: There is no ‏ (U+200F) in font [lmmono8-regular]:!
Missing character: There is no ‏ (U+200F) in font [lmmono8-regular]:!
Missing character: There is no ‏ (U+200F) in font [lmmono8-regular]:!
Missing character: There is no ‏ (U+200F) in font [lmmono8-regular]:!
[41]
Missing character: There is no ‏ (U+200F) in font [lmmono8-regular]:!
Missing character: There is no ‏ (U+200F) in font [lmmono8-regular]:!
Missing character: There is no ‏ (U+200F) in font [lmmono8-regular]:!
Missing character: There is no ‏ (U+200F) in font [lmmono8-regular]:!
Missing character: There is no ‏ (U+200F) in font [lmmono8-regular]:!
Missing character: There is no ‏ (U+200F) in font [lmmono8-regular]:!
Missing character: There is no ‏ (U+200F) in font [lmmono8-regular]:!
Missing character: There is no ‏ (U+200F) in font [lmmono8-regular]:!
Missing character: There is no ‏ (U+200F) in font [lmmono8-regular]:!
Missing character: There is no ‏ (U+200F) in font [lmmono8-regular]:!
Missing character: There is no ‏ (U+200F) in font [lmmono8-regular]:!
Missing character: There is no ‏ (U+200F) in font [lmmono8-regular]:!
[42]
Missing character: There is no ‏ (U+200F) in font [lmmono8-regular]:!
Missing character: There is no ‏ (U+200F) in font [lmmono8-regular]:!
Missing character: There is no ‏ (U+200F) in font [lmmono8-regular]:!
Missing character: There is no ‏ (U+200F) in font [lmmono8-regular]:!
Missing character: There is no ‏ (U+200F) in font [lmmono8-regular]:!
Missing character: There is no ‏ (U+200F) in font [lmmono8-regular]:!
Missing character: There is no ‏ (U+200F) in font [lmmono8-regular]:!
Missing character: There is no ‏ (U+200F) in font [lmmono8-regular]:!
Missing character: There is no ‏ (U+200F) in font [lmmono8-regular]:!
)) (./back/evaluation.tex [43]
Underfull \hbox (badness 10000) in paragraph at lines 11--11
[][]|\TU/Vazirmatn(0)/m/n/12 نام و نام خانوادگی[]
 []


Underfull \hbox (badness 10000) in paragraph at lines 27--27
[][]|\TU/Vazirmatn(0)/m/n/12 نام و امضای استاد[]
 []

) (./back/abstract-en.tex [44

]
LaTeX Font Info:    Font shape `TU/TeXGyreTermes(0)/m/n' will be
(Font)              scaled to size 22.31639pt on input line 9.
LaTeX Font Info:    Font shape `TU/TeXGyreTermes(0)/b/n' will be
(Font)              scaled to size 21.78377pt on input line 9.

Underfull \hbox (badness 1019) in paragraph at lines 13--14
[]\TU/TeXGyreTermes(0)/m/n/12 mesh generation and suffer from the curse of dime
nsionality in[]
 []


Underfull \hbox (badness 1960) in paragraph at lines 13--14
[]\TU/TeXGyreTermes(0)/m/n/12 presents a comprehensive study, implementation, a
nd empirical[]
 []

[45

]) (./back/cover-en.tex [46]
LaTeX Font Info:    Font shape `TU/TeXGyreTermes(0)/m/n' will be
(Font)              scaled to size 18.59698pt on input line 7.
LaTeX Font Info:    Font shape `TU/TeXGyreTermes(0)/b/n' will be
(Font)              scaled to size 18.15314pt on input line 7.
LaTeX Font Info:    Font shape `TU/TeXGyreTermes(0)/m/n' will be
(Font)              scaled to size 26.78484pt on input line 10.
LaTeX Font Info:    Font shape `TU/TeXGyreTermes(0)/b/n' will be
(Font)              scaled to size 26.14558pt on input line 10.
 [47

]) (./thesis.aux)
 ***********
LaTeX2e <2025-11-01>
L3 programming layer <2026-01-19>
 ***********


LaTeX Font Warning: Some font shapes were not available, defaults substituted.

Package rerunfilecheck Info: File `thesis.out' has not changed.
(rerunfilecheck)             Checksum: 5C7A02655AFE813F042C306B0D932BB9;8964.
 ) 
Here is how much of TeX's memory you used:
 32197 strings out of 468168
 685005 string characters out of 5436525
 1738379 words of memory out of 5000000
 60227 multiletter control sequences out of 15000+600000
 638752 words of font info for 157 fonts, out of 8000000 for 9000
 1348 hyphenation exceptions out of 8191
 88i,16n,114p,1282b,1923s stack positions out of 10000i,1000n,20000p,200000b,200000s

Output written on thesis.pdf (59 pages).
